Archive member included to satisfy reference by file (symbol)

app/libapp.a(main.c.obj)      (--whole-archive)
app/libapp.a(gpio_hal.c.obj)  (--whole-archive)
app/libapp.a(btn_hal.c.obj)   (--whole-archive)
app/libapp.a(sdcard.c.obj)    (--whole-archive)
zephyr/libzephyr.a(crc32c_sw.c.obj)
                              (--whole-archive)
zephyr/libzephyr.a(crc32_sw.c.obj)
                              (--whole-archive)
zephyr/libzephyr.a(crc24_sw.c.obj)
                              (--whole-archive)
zephyr/libzephyr.a(crc16_sw.c.obj)
                              (--whole-archive)
zephyr/libzephyr.a(crc8_sw.c.obj)
                              (--whole-archive)
zephyr/libzephyr.a(crc7_sw.c.obj)
                              (--whole-archive)
zephyr/libzephyr.a(crc4_sw.c.obj)
                              (--whole-archive)
zephyr/libzephyr.a(heap.c.obj)
                              (--whole-archive)
zephyr/libzephyr.a(cbprintf_packaged.c.obj)
                              (--whole-archive)
zephyr/libzephyr.a(printk.c.obj)
                              (--whole-archive)
zephyr/libzephyr.a(sem.c.obj)
                              (--whole-archive)
zephyr/libzephyr.a(thread_entry.c.obj)
                              (--whole-archive)
zephyr/libzephyr.a(fdtable.c.obj)
                              (--whole-archive)
zephyr/libzephyr.a(cbprintf_complete.c.obj)
                              (--whole-archive)
zephyr/libzephyr.a(cbprintf.c.obj)
                              (--whole-archive)
zephyr/libzephyr.a(assert.c.obj)
                              (--whole-archive)
zephyr/libzephyr.a(mpsc_pbuf.c.obj)
                              (--whole-archive)
zephyr/libzephyr.a(dec.c.obj)
                              (--whole-archive)
zephyr/libzephyr.a(hex.c.obj)
                              (--whole-archive)
zephyr/libzephyr.a(rb.c.obj)  (--whole-archive)
zephyr/libzephyr.a(timeutil.c.obj)
                              (--whole-archive)
zephyr/libzephyr.a(bitarray.c.obj)
                              (--whole-archive)
zephyr/libzephyr.a(onoff.c.obj)
                              (--whole-archive)
zephyr/libzephyr.a(notify.c.obj)
                              (--whole-archive)
zephyr/libzephyr.a(last_section_id.c.obj)
                              (--whole-archive)
zephyr/libzephyr.a(configs.c.obj)
                              (--whole-archive)
zephyr/libzephyr.a(log_core.c.obj)
                              (--whole-archive)
zephyr/libzephyr.a(log_mgmt.c.obj)
                              (--whole-archive)
zephyr/libzephyr.a(log_cache.c.obj)
                              (--whole-archive)
zephyr/libzephyr.a(log_msg.c.obj)
                              (--whole-archive)
zephyr/libzephyr.a(log_output.c.obj)
                              (--whole-archive)
zephyr/libzephyr.a(log_backend_rtt.c.obj)
                              (--whole-archive)
zephyr/libzephyr.a(mem_attr.c.obj)
                              (--whole-archive)
zephyr/libzephyr.a(device.c.obj)
                              (--whole-archive)
zephyr/libzephyr.a(device_system_managed.c.obj)
                              (--whole-archive)
zephyr/libzephyr.a(tracing_none.c.obj)
                              (--whole-archive)
zephyr/libzephyr.a(disk_access.c.obj)
                              (--whole-archive)
zephyr/libzephyr.a(banner.c.obj)
                              (--whole-archive)
zephyr/libzephyr.a(flash_map_partition_manager.c.obj)
                              (--whole-archive)
zephyr/arch/common/libarch__common.a(sw_isr_common.c.obj)
                              (--whole-archive)
zephyr/arch/arch/arm/core/libarch__arm__core.a(fatal.c.obj)
                              (--whole-archive)
zephyr/arch/arch/arm/core/libarch__arm__core.a(nmi.c.obj)
                              (--whole-archive)
zephyr/arch/arch/arm/core/libarch__arm__core.a(nmi_on_reset.S.obj)
                              (--whole-archive)
zephyr/arch/arch/arm/core/cortex_m/libarch__arm__core__cortex_m.a(exc_exit.c.obj)
                              (--whole-archive)
zephyr/arch/arch/arm/core/cortex_m/libarch__arm__core__cortex_m.a(fault.c.obj)
                              (--whole-archive)
zephyr/arch/arch/arm/core/cortex_m/libarch__arm__core__cortex_m.a(fault_s.S.obj)
                              (--whole-archive)
zephyr/arch/arch/arm/core/cortex_m/libarch__arm__core__cortex_m.a(fpu.c.obj)
                              (--whole-archive)
zephyr/arch/arch/arm/core/cortex_m/libarch__arm__core__cortex_m.a(reset.S.obj)
                              (--whole-archive)
zephyr/arch/arch/arm/core/cortex_m/libarch__arm__core__cortex_m.a(scb.c.obj)
                              (--whole-archive)
zephyr/arch/arch/arm/core/cortex_m/libarch__arm__core__cortex_m.a(thread_abort.c.obj)
                              (--whole-archive)
[...]
Memory Configuration

Name             Origin             Length             Attributes
FLASH            0x0000000000000000 0x0000000000165000 xr
RAM              0x0000000020000000 0x000000000002f000 xw
IDT_LIST         0x00000000ffff7fff 0x0000000000008000 xw
*default*        0x0000000000000000 0xffffffffffffffff

Linker script and memory map

LOAD zephyr/CMakeFiles/zephyr_final.dir/misc/empty_file.c.obj
LOAD zephyr/CMakeFiles/zephyr_final.dir/isr_tables.c.obj
LOAD zephyr/CMakeFiles/offsets.dir/./arch/arm/core/offsets/offsets.c.obj
LOAD app/libapp.a
LOAD zephyr/libzephyr.a
LOAD zephyr/arch/common/libarch__common.a
LOAD zephyr/arch/arch/arm/core/libarch__arm__core.a
LOAD zephyr/arch/arch/arm/core/cortex_m/libarch__arm__core__cortex_m.a
LOAD zephyr/arch/arch/arm/core/cortex_m/cmse/libarch__arm__core__cortex_m__cmse.a
LOAD zephyr/arch/arch/arm/core/mpu/libarch__arm__core__mpu.a
LOAD zephyr/lib/libc/newlib/liblib__libc__newlib.a
LOAD zephyr/lib/libc/common/liblib__libc__common.a
LOAD zephyr/lib/posix/options/liblib__posix__options.a
LOAD zephyr/lib/os/zvfs/liblib__os__zvfs.a
LOAD zephyr/soc/soc/nrf54l15/libsoc__nordic.a
LOAD zephyr/subsys/fs/libsubsys__fs.a
LOAD zephyr/subsys/sd/libsubsys__sd.a
LOAD zephyr/drivers/disk/libdrivers__disk.a
LOAD zephyr/drivers/cache/libdrivers__cache.a
LOAD zephyr/drivers/clock_control/libdrivers__clock_control.a
LOAD zephyr/drivers/console/libdrivers__console.a
LOAD zephyr/drivers/gpio/libdrivers__gpio.a
LOAD zephyr/drivers/pinctrl/libdrivers__pinctrl.a
LOAD zephyr/drivers/sdhc/libdrivers__sdhc.a
LOAD zephyr/drivers/spi/libdrivers__spi.a
LOAD zephyr/drivers/timer/libdrivers__timer.a
LOAD modules/nrf/subsys/nrf_security/src/zephyr/libmbedtls_zephyr.a
LOAD modules/fatfs/libmodules__fatfs.a
LOAD modules/hal_nordic/modules/hal_nordic/nrfx/libmodules__hal_nordic__nrfx.a
LOAD modules/segger/libmodules__segger.a
LOAD zephyr/kernel/libkernel.a
LOAD zephyr/arch/common/libisr_tables.a
LOAD modules/nrf/subsys/nrf_security/src/libmbedcrypto.a
LOAD modules/nrf/subsys/nrf_security/src/core/nrf_oberon/liboberon_psa_core.a
LOAD modules/nrf/subsys/nrf_security/src/drivers/cracen/libcracen_psa_driver.a
LOAD modules/nrf/subsys/nrf_security/src/libmbedcrypto_base.a
LOAD modules/nrf/subsys/nrf_security/src/libnrf_security_utils.a
LOAD zephyr/kernel/libkernel.a
LOAD C:/ncs/toolchains/0b393f9e1b/opt/zephyr-sdk/arm-zephyr-eabi/arm-zephyr-eabi/lib/thumb/v8-m.main/nofp\libc_nano.a
LOAD C:/ncs/toolchains/0b393f9e1b/opt/zephyr-sdk/arm-zephyr-eabi/arm-zephyr-eabi/lib/thumb/v8-m.main/nofp\libm_nano.a
LOAD C:/ncs/toolchains/0b393f9e1b/opt/zephyr-sdk/arm-zephyr-eabi/arm-zephyr-eabi/lib/thumb/v8-m.main/nofp\libc_nano.a
LOAD c:/ncs/toolchains/0b393f9e1b/opt/zephyr-sdk/arm-zephyr-eabi/bin/../lib/gcc/arm-zephyr-eabi/12.2.0/thumb/v8-m.main/nofp\libgcc.a
LOAD C:/ncs/toolchains/0b393f9e1b/opt/zephyr-sdk/arm-zephyr-eabi/arm-zephyr-eabi/lib/thumb/v8-m.main/nofp\libc_nano.a
                0x0000000000000020                _region_min_align = 0x20

.rel.plt        0x0000000000000000        0x0
 *(SORT_BY_ALIGNMENT(.rel.plt))
                [!provide]                        PROVIDE (__rel_iplt_start = .)
 *(SORT_BY_ALIGNMENT(.rel.iplt))
 .rel.iplt      0x0000000000000000        0x0 zephyr/CMakeFiles/zephyr_final.dir/isr_tables.c.obj
                [!provide]                        PROVIDE (__rel_iplt_end = .)

.rela.plt       0x0000000000000000        0x0
 *(SORT_BY_ALIGNMENT(.rela.plt))
                [!provide]                        PROVIDE (__rela_iplt_start = .)
 *(SORT_BY_ALIGNMENT(.rela.iplt))
                [!provide]                        PROVIDE (__rela_iplt_end = .)

.rel.dyn
 *(SORT_BY_ALIGNMENT(.rel.*))

.rela.dyn
 *(SORT_BY_ALIGNMENT(.rela.*))

/DISCARD/
 *(SORT_BY_ALIGNMENT(.plt))

/DISCARD/
 *(SORT_BY_ALIGNMENT(.iplt))
                0x0000000000000000                __rom_region_start = 0x0

rom_start       0x0000000000000000      0x47c
                0x0000000000000000                __rom_start_address = .
 FILL mask 0x00
                0x0000000000000000                . = (. + (0x0 - (. - __rom_start_address)))
                0x0000000000000000                . = ALIGN (0x4)
                0x0000000000000000                . = ALIGN (0x80)
                0x0000000000000000                . = ALIGN (0x800)
                0x0000000000000000                _vector_start = .
 *(SORT_BY_ALIGNMENT(.exc_vector_table))
 *(SORT_BY_ALIGNMENT(.exc_vector_table.*))
 .exc_vector_table._vector_table_section
                0x0000000000000000       0x40 zephyr/arch/arch/arm/core/cortex_m/libarch__arm__core__cortex_m.a(vector_table.S.obj)
                0x0000000000000000                _vector_table
 *(SORT_BY_ALIGNMENT(.vectors))
                0x000000000000047c                _vector_end = .
                0x0000000000000040                . = ALIGN (0x4)
 *(SORT_BY_ALIGNMENT(.gnu.linkonce.irq_vector_table*))
 .gnu.linkonce.irq_vector_table
                0x0000000000000040      0x43c zephyr/CMakeFiles/zephyr_final.dir/isr_tables.c.obj
                0x0000000000000040                _irq_vector_table
                0x000000000000047c                _vector_end = .

text            0x000000000000047c    0x14360
                0x000000000000047c                __text_region_start = .
 *(SORT_BY_ALIGNMENT(.text))
 .text          0x000000000000047c       0x30 c:/ncs/toolchains/0b393f9e1b/opt/zephyr-sdk/arm-zephyr-eabi/bin/../lib/gcc/arm-zephyr-eabi/12.2.0/thumb/v8-m.main/nofp\libgcc.a(_aeabi_uldivmod.o)
                0x000000000000047c                __aeabi_uldivmod
 .text          0x00000000000004ac        0x4 c:/ncs/toolchains/0b393f9e1b/opt/zephyr-sdk/arm-zephyr-eabi/bin/../lib/gcc/arm-zephyr-eabi/12.2.0/thumb/v8-m.main/nofp\libgcc.a(_dvmd_tls.o)
                0x00000000000004ac                __aeabi_idiv0
                0x00000000000004ac                __aeabi_ldiv0
 .text          0x00000000000004b0       0x14 C:/ncs/toolchains/0b393f9e1b/opt/zephyr-sdk/arm-zephyr-eabi/arm-zephyr-eabi/lib/thumb/v8-m.main/nofp\libc_nano.a(lib_a-strcmp.o)
                0x00000000000004b0                strcmp
 .text          0x00000000000004c4       0x10 C:/ncs/toolchains/0b393f9e1b/opt/zephyr-sdk/arm-zephyr-eabi/arm-zephyr-eabi/lib/thumb/v8-m.main/nofp\libc_nano.a(lib_a-strlen.o)
                0x00000000000004c4                strlen
 .text          0x00000000000004d4      0x29c c:/ncs/toolchains/0b393f9e1b/opt/zephyr-sdk/arm-zephyr-eabi/bin/../lib/gcc/arm-zephyr-eabi/12.2.0/thumb/v8-m.main/nofp\libgcc.a(_udivmoddi4.o)
                0x00000000000004d4                __udivmoddi4
 *(SORT_BY_ALIGNMENT(.text.*))
 .text.__NVIC_SystemReset
                0x0000000000000770       0x24 app/libapp.a(main.c.obj)
 .text.handle_spi_action
                0x0000000000000794      0x274 app/libapp.a(main.c.obj)
 .text.set_power_on_sd_and_mic
                0x0000000000000a08      0x164 app/libapp.a(main.c.obj)
                0x0000000000000a08                set_power_on_sd_and_mic
 .text.enable_hardware_drivers
                0x0000000000000b6c      0x130 app/libapp.a(main.c.obj)
                0x0000000000000b6c                enable_hardware_drivers
 .text.disable_hardware_drivers
                0x0000000000000c9c      0x124 app/libapp.a(main.c.obj)
                0x0000000000000c9c                disable_hardware_drivers
 .text.init_sd_mic_gpio
                0x0000000000000dc0      0x1e0 app/libapp.a(main.c.obj)
 .text.system_reset
                0x0000000000000fa0       0x34 app/libapp.a(main.c.obj)
                0x0000000000000fa0                system_reset
 .text.main_thread
                0x0000000000000fd4      0x4b8 app/libapp.a(main.c.obj)
 .text.z_impl_gpio_pin_interrupt_configure
                0x000000000000148c       0x34 app/libapp.a(btn_hal.c.obj)
 .text.btn3_pressed
                0x00000000000014c0       0xa4 app/libapp.a(btn_hal.c.obj)
 .text.btn2_pressed
                0x0000000000001564       0xa4 app/libapp.a(btn_hal.c.obj)
 .text.btn1_pressed
                0x0000000000001608       0xa4 app/libapp.a(btn_hal.c.obj)
 .text.btn0_pressed
                0x00000000000016ac       0xa4 app/libapp.a(btn_hal.c.obj)
 .text.btn0_has_been_pressed
                0x0000000000001750       0x14 app/libapp.a(btn_hal.c.obj)
                0x0000000000001750                btn0_has_been_pressed
 .text.btn1_has_been_pressed
                0x0000000000001764       0x14 app/libapp.a(btn_hal.c.obj)
                0x0000000000001764                btn1_has_been_pressed
 .text.btn2_has_been_pressed
                0x0000000000001778       0x14 app/libapp.a(btn_hal.c.obj)
                0x0000000000001778                btn2_has_been_pressed
 .text.btn3_has_been_pressed
                0x000000000000178c       0x14 app/libapp.a(btn_hal.c.obj)
                0x000000000000178c                btn3_has_been_pressed
 .text.btn_hal_buttons_init
                0x00000000000017a0      0xac0 app/libapp.a(btn_hal.c.obj)
                0x00000000000017a0                btn_hal_buttons_init
 .text.z_impl_gpio_pin_interrupt_configure
                0x0000000000002260       0x34 app/libapp.a(sdcard.c.obj)
 .text.is_card_present
                0x0000000000002294       0x18 app/libapp.a(sdcard.c.obj)
 .text.sdcard_sd_detect_gpio_handler
                0x00000000000022ac       0x14 app/libapp.a(sdcard.c.obj)
                0x00000000000022ac                sdcard_sd_detect_gpio_handler
 .text.sd_detect_debounced
                0x00000000000022c0       0x4c app/libapp.a(sdcard.c.obj)
 .text.sdcard_file_open
                0x000000000000230c       0x28 app/libapp.a(sdcard.c.obj)
 .text.sdcard_sd_detect_gpio_init
                0x0000000000002334      0x2c8 app/libapp.a(sdcard.c.obj)
                0x0000000000002334                sdcard_sd_detect_gpio_init
 .text.sdcard_init
                0x00000000000025fc       0x38 app/libapp.a(sdcard.c.obj)
                0x00000000000025fc                sdcard_init
 .text.sdcard_disc_init
                0x0000000000002634       0x84 app/libapp.a(sdcard.c.obj)
                0x0000000000002634                sdcard_disc_init
 .text.sdcard_unmount
                0x00000000000026b8       0x30 app/libapp.a(sdcard.c.obj)
                0x00000000000026b8                sdcard_unmount
 .text.sdcard_lsdir
                0x00000000000026e8      0x28c app/libapp.a(sdcard.c.obj)
                0x00000000000026e8                sdcard_lsdir
 .text.sdcard_write
                0x0000000000002974       0x68 app/libapp.a(sdcard.c.obj)
                0x0000000000002974                sdcard_write
 .text.sdcard_file_exists
                0x00000000000029dc       0xe0 app/libapp.a(sdcard.c.obj)
                0x00000000000029dc                sdcard_file_exists
 .text.sdcard_is_mounted
                0x0000000000002abc       0xe8 app/libapp.a(sdcard.c.obj)
                0x0000000000002abc                sdcard_is_mounted
 .text.sdcard_off_and_reset
                0x0000000000002ba4       0x50 app/libapp.a(sdcard.c.obj)
                0x0000000000002ba4                sdcard_off_and_reset
 .text.sdcard_thread_fatfs_mount
                0x0000000000002bf4      0x318 app/libapp.a(sdcard.c.obj)
                0x0000000000002bf4                sdcard_thread_fatfs_mount
 .text.cbvprintf_package
                0x0000000000002f0c      0x4b4 zephyr/libzephyr.a(cbprintf_packaged.c.obj)
                0x0000000000002f0c                cbvprintf_package
 .text.cbprintf_package_convert
                0x00000000000033c0      0x4c4 zephyr/libzephyr.a(cbprintf_packaged.c.obj)
                0x00000000000033c0                cbprintf_package_convert
 .text.__printk_hook_install
                0x0000000000003884        0xc zephyr/libzephyr.a(printk.c.obj)
                0x0000000000003884                __printk_hook_install
 .text.vsnprintk
                0x0000000000003890       0x30 zephyr/libzephyr.a(printk.c.obj)
                0x0000000000003890                vsnprintk
 .text.extract_decimal
                0x00000000000038c0       0x2c zephyr/libzephyr.a(cbprintf_complete.c.obj)
 .text.extract_flags
                0x00000000000038ec       0xc4 zephyr/libzephyr.a(cbprintf_complete.c.obj)
 .text.encode_uint
                0x00000000000039b0       0xac zephyr/libzephyr.a(cbprintf_complete.c.obj)
 .text.encode_float
                0x0000000000003a5c      0x3fc zephyr/libzephyr.a(cbprintf_complete.c.obj)
 .text.z_cbvprintf_impl
                0x0000000000003e58      0x6bc zephyr/libzephyr.a(cbprintf_complete.c.obj)
                0x0000000000003e58                z_cbvprintf_impl
 .text.process_event
                0x0000000000004514      0x16c zephyr/libzephyr.a(onoff.c.obj)
 .text.msg_process
                0x0000000000004680       0x3c zephyr/libzephyr.a(log_core.c.obj)
 .text.log_backend_notify_all
                0x00000000000046bc       0x30 zephyr/libzephyr.a(log_core.c.obj)
 .text.activate_foreach_backend
                0x00000000000046ec       0x64 zephyr/libzephyr.a(log_core.c.obj)
 .text.z_log_init
                0x0000000000004750       0x90 zephyr/libzephyr.a(log_core.c.obj)
 .text.thread_set
                0x00000000000047e0       0x28 zephyr/libzephyr.a(log_core.c.obj)
 .text.log_process_thread_timer_expiry_fn
                0x0000000000004808       0x10 zephyr/libzephyr.a(log_core.c.obj)
 .text.enable_logger
                0x0000000000004818       0x5c zephyr/libzephyr.a(log_core.c.obj)
 .text.log_format_func_t_get
                0x0000000000004874        0xc zephyr/libzephyr.a(log_core.c.obj)
                0x0000000000004874                log_format_func_t_get
 .text.log_set_timestamp_func
                0x0000000000004880       0x24 zephyr/libzephyr.a(log_core.c.obj)
                0x0000000000004880                log_set_timestamp_func
 .text.z_log_notify_backend_enabled
                0x00000000000048a4       0x20 zephyr/libzephyr.a(log_core.c.obj)
                0x00000000000048a4                z_log_notify_backend_enabled
 .text.z_log_dropped
                0x00000000000048c4       0x44 zephyr/libzephyr.a(log_core.c.obj)
                0x00000000000048c4                z_log_dropped
 .text.z_log_dropped_read_and_clear
                0x0000000000004908       0x18 zephyr/libzephyr.a(log_core.c.obj)
                0x0000000000004908                z_log_dropped_read_and_clear
 .text.dropped_notify
                0x0000000000004920       0x38 zephyr/libzephyr.a(log_core.c.obj)
                0x0000000000004920                dropped_notify
 .text.z_log_dropped_pending
                0x0000000000004958       0x14 zephyr/libzephyr.a(log_core.c.obj)
                0x0000000000004958                z_log_dropped_pending
 .text.z_log_msg_init
                0x000000000000496c       0x20 zephyr/libzephyr.a(log_core.c.obj)
                0x000000000000496c                z_log_msg_init
 .text.log_core_init
                0x000000000000498c       0x34 zephyr/libzephyr.a(log_core.c.obj)
                0x000000000000498c                log_core_init
 .text.z_log_msg_alloc
                0x00000000000049c0       0x10 zephyr/libzephyr.a(log_core.c.obj)
                0x00000000000049c0                z_log_msg_alloc
 .text.z_log_msg_local_claim
                0x00000000000049d0       0x10 zephyr/libzephyr.a(log_core.c.obj)
                0x00000000000049d0                z_log_msg_local_claim
 .text.z_log_msg_free
                0x00000000000049e0       0x14 zephyr/libzephyr.a(log_core.c.obj)
                0x00000000000049e0                z_log_msg_free
 .text.z_log_msg_pending
                0x00000000000049f4       0x10 zephyr/libzephyr.a(log_core.c.obj)
                0x00000000000049f4                z_log_msg_pending
 .text.z_impl_log_process
                0x0000000000004a04       0xbc zephyr/libzephyr.a(log_core.c.obj)
                0x0000000000004a04                z_impl_log_process
 .text.z_impl_log_panic
                0x0000000000004ac0       0x4c zephyr/libzephyr.a(log_core.c.obj)
                0x0000000000004ac0                z_impl_log_panic
 .text.z_log_msg_post_finalize
                0x0000000000004b0c       0x7c zephyr/libzephyr.a(log_core.c.obj)
 .text.z_log_msg_commit
                0x0000000000004b88       0x20 zephyr/libzephyr.a(log_core.c.obj)
                0x0000000000004b88                z_log_msg_commit
 .text.log_process_thread_func
                0x0000000000004ba8       0x70 zephyr/libzephyr.a(log_core.c.obj)
 .text.log_src_cnt_get
                0x0000000000004c18       0x14 zephyr/libzephyr.a(log_mgmt.c.obj)
                0x0000000000004c18                log_src_cnt_get
 .text.log_source_name_get
                0x0000000000004c2c       0x1c zephyr/libzephyr.a(log_mgmt.c.obj)
                0x0000000000004c2c                log_source_name_get
 .text.log_backend_enable
                0x0000000000004c48       0x2c zephyr/libzephyr.a(log_mgmt.c.obj)
                0x0000000000004c48                log_backend_enable
 .text.cbprintf_package_copy
                0x0000000000004c74       0x30 zephyr/libzephyr.a(log_msg.c.obj)
 .text.z_impl_z_log_msg_static_create
                0x0000000000004ca4      0x158 zephyr/libzephyr.a(log_msg.c.obj)
                0x0000000000004ca4                z_impl_z_log_msg_static_create
 .text.z_log_msg_runtime_vcreate
                0x0000000000004dfc       0xac zephyr/libzephyr.a(log_msg.c.obj)
                0x0000000000004dfc                z_log_msg_runtime_vcreate
 .text.log_msg_get_source_id
                0x0000000000004ea8       0x18 zephyr/libzephyr.a(log_msg.c.obj)
                0x0000000000004ea8                log_msg_get_source_id
 .text.print_formatted
                0x0000000000004ec0       0x28 zephyr/libzephyr.a(log_output.c.obj)
 .text.timestamp_print
                0x0000000000004ee8       0x8c zephyr/libzephyr.a(log_output.c.obj)
 .text.color_print
                0x0000000000004f74       0x2c zephyr/libzephyr.a(log_output.c.obj)
 .text.ids_print
                0x0000000000004fa0       0x70 zephyr/libzephyr.a(log_output.c.obj)
 .text.prefix_print
                0x0000000000005010       0x88 zephyr/libzephyr.a(log_output.c.obj)
 .text.newline_print
                0x0000000000005098       0x28 zephyr/libzephyr.a(log_output.c.obj)
 .text.hexdump_line_print
                0x00000000000050c0       0xc4 zephyr/libzephyr.a(log_output.c.obj)
 .text.log_output_process
                0x0000000000005184       0x88 zephyr/libzephyr.a(log_output.c.obj)
                0x0000000000005184                log_output_process
 .text.log_output_dropped_process
                0x000000000000520c       0x84 zephyr/libzephyr.a(log_output.c.obj)
                0x000000000000520c                log_output_dropped_process
 .text.log_output_timestamp_freq_set
                0x0000000000005290       0x2c zephyr/libzephyr.a(log_output.c.obj)
                0x0000000000005290                log_output_timestamp_freq_set
 .text.log_backend_rtt_init
                0x00000000000052bc       0x1c zephyr/libzephyr.a(log_backend_rtt.c.obj)
 .text.panic    0x00000000000052d8       0x18 zephyr/libzephyr.a(log_backend_rtt.c.obj)
 .text.format_set
                0x00000000000052f0        0xc zephyr/libzephyr.a(log_backend_rtt.c.obj)
 .text.on_failed_write
                0x00000000000052fc       0x2c zephyr/libzephyr.a(log_backend_rtt.c.obj)
 .text.on_write
                0x0000000000005328       0x38 zephyr/libzephyr.a(log_backend_rtt.c.obj)
 .text.data_out_block_mode
                0x0000000000005360       0x7c zephyr/libzephyr.a(log_backend_rtt.c.obj)
 .text.dropped  0x00000000000053dc       0x10 zephyr/libzephyr.a(log_backend_rtt.c.obj)
 .text.process  0x00000000000053ec       0x20 zephyr/libzephyr.a(log_backend_rtt.c.obj)
 .text.mem_attr_get_regions
                0x000000000000540c        0xc zephyr/libzephyr.a(mem_attr.c.obj)
                0x000000000000540c                mem_attr_get_regions
 .text.pm_device_state_str
                0x0000000000005418       0x2c zephyr/libzephyr.a(device.c.obj)
                0x0000000000005418                pm_device_state_str
 .text.pm_device_action_run
                0x0000000000005444       0x8c zephyr/libzephyr.a(device.c.obj)
                0x0000000000005444                pm_device_action_run
 .text.disk_access_get_di
                0x00000000000054d0       0x64 zephyr/libzephyr.a(disk_access.c.obj)
                0x00000000000054d0                disk_access_get_di
 .text.disk_access_ioctl
                0x0000000000005534       0xcc zephyr/libzephyr.a(disk_access.c.obj)
                0x0000000000005534                disk_access_ioctl
 .text.disk_access_register
                0x0000000000005600       0x68 zephyr/libzephyr.a(disk_access.c.obj)
                0x0000000000005600                disk_access_register
 .text.boot_banner
                0x0000000000005668       0x18 zephyr/libzephyr.a(banner.c.obj)
                0x0000000000005668                boot_banner
 .text.esf_dump
                0x0000000000005680      0x160 zephyr/arch/arch/arm/core/libarch__arm__core.a(fatal.c.obj)
 .text.z_arm_fatal_error
                0x00000000000057e0       0x38 zephyr/arch/arch/arm/core/libarch__arm__core.a(fatal.c.obj)
                0x00000000000057e0                z_arm_fatal_error
 .text.z_SysNmiOnReset
                0x0000000000005818        0x8 zephyr/arch/arch/arm/core/libarch__arm__core.a(nmi_on_reset.S.obj)
                0x0000000000005818                z_SysNmiOnReset
 .text._HandlerModeExit
                0x0000000000005820       0x28 zephyr/arch/arch/arm/core/cortex_m/libarch__arm__core__cortex_m.a(exc_exit.c.obj)
                0x0000000000005820                z_arm_int_exit
                0x0000000000005820                z_arm_exc_exit
 .text.z_arm_is_synchronous_svc
                0x0000000000005848       0x3c zephyr/arch/arch/arm/core/cortex_m/libarch__arm__core__cortex_m.a(fault.c.obj)
 .text.get_esf  0x0000000000005884       0x48 zephyr/arch/arch/arm/core/cortex_m/libarch__arm__core__cortex_m.a(fault.c.obj)
 .text.usage_fault
                0x00000000000058cc       0xf0 zephyr/arch/arch/arm/core/cortex_m/libarch__arm__core__cortex_m.a(fault.c.obj)
 .text.debug_monitor
                0x00000000000059bc       0x1c zephyr/arch/arch/arm/core/cortex_m/libarch__arm__core__cortex_m.a(fault.c.obj)
 .text.reserved_exception
                0x00000000000059d8       0xd8 zephyr/arch/arch/arm/core/cortex_m/libarch__arm__core__cortex_m.a(fault.c.obj)
 .text.mem_manage_fault
                0x0000000000005ab0      0x114 zephyr/arch/arch/arm/core/cortex_m/libarch__arm__core__cortex_m.a(fault.c.obj)
 .text.bus_fault
                0x0000000000005bc4      0x110 zephyr/arch/arch/arm/core/cortex_m/libarch__arm__core__cortex_m.a(fault.c.obj)
 .text.hard_fault
                0x0000000000005cd4       0xd0 zephyr/arch/arch/arm/core/cortex_m/libarch__arm__core__cortex_m.a(fault.c.obj)
 .text.z_arm_fault
                0x0000000000005da4       0x88 zephyr/arch/arch/arm/core/cortex_m/libarch__arm__core__cortex_m.a(fault.c.obj)
                0x0000000000005da4                z_arm_fault
 .text.z_arm_fault_init
                0x0000000000005e2c       0x20 zephyr/arch/arch/arm/core/cortex_m/libarch__arm__core__cortex_m.a(fault.c.obj)
                0x0000000000005e2c                z_arm_fault_init
 .text.__fault  0x0000000000005e4c       0x14 zephyr/arch/arch/arm/core/cortex_m/libarch__arm__core__cortex_m.a(fault_s.S.obj)
                0x0000000000005e4c                z_arm_usage_fault
                0x0000000000005e4c                z_arm_mpu_fault
                0x0000000000005e4c                z_arm_exc_spurious
                0x0000000000005e4c                z_arm_debug_monitor
                0x0000000000005e4c                z_arm_hard_fault
                0x0000000000005e4c                z_arm_bus_fault
 .text._reset_section
                0x0000000000005e60       0x60 zephyr/arch/arch/arm/core/cortex_m/libarch__arm__core__cortex_m.a(reset.S.obj)
                0x0000000000005e60                __start
                0x0000000000005e60                z_arm_reset
 .text.z_arm_clear_arm_mpu_config
                0x0000000000005ec0       0x28 zephyr/arch/arch/arm/core/cortex_m/libarch__arm__core__cortex_m.a(scb.c.obj)
                0x0000000000005ec0                z_arm_clear_arm_mpu_config
 .text.z_arm_init_arch_hw_at_boot
                0x0000000000005ee8       0x54 zephyr/arch/arch/arm/core/cortex_m/libarch__arm__core__cortex_m.a(scb.c.obj)
                0x0000000000005ee8                z_arm_init_arch_hw_at_boot
 .text.z_impl_k_thread_abort
                0x0000000000005f3c       0x34 zephyr/arch/arch/arm/core/cortex_m/libarch__arm__core__cortex_m.a(thread_abort.c.obj)
                0x0000000000005f3c                z_impl_k_thread_abort
 .text.z_arm_pendsv
                0x0000000000005f70       0x5c zephyr/arch/arch/arm/core/cortex_m/libarch__arm__core__cortex_m.a(swap_helper.S.obj)
                0x0000000000005f70                z_arm_pendsv
 .text.z_arm_svc
                0x0000000000005fcc       0x24 zephyr/arch/arch/arm/core/cortex_m/libarch__arm__core__cortex_m.a(swap_helper.S.obj)
                0x0000000000005fcc                z_arm_svc
 .text.__NVIC_EnableIRQ
                0x0000000000005ff0       0x1c zephyr/arch/arch/arm/core/cortex_m/libarch__arm__core__cortex_m.a(irq_manage.c.obj)
 .text.__NVIC_DisableIRQ
                0x000000000000600c       0x24 zephyr/arch/arch/arm/core/cortex_m/libarch__arm__core__cortex_m.a(irq_manage.c.obj)
 .text.__NVIC_SetPriority
                0x0000000000006030       0x28 zephyr/arch/arch/arm/core/cortex_m/libarch__arm__core__cortex_m.a(irq_manage.c.obj)
 .text.arch_irq_is_enabled
                0x0000000000006058       0x1c zephyr/arch/arch/arm/core/cortex_m/libarch__arm__core__cortex_m.a(irq_manage.c.obj)
                0x0000000000006058                arch_irq_is_enabled
 .text.z_prep_c
                0x0000000000006074       0x38 zephyr/arch/arch/arm/core/cortex_m/libarch__arm__core__cortex_m.a(prep_c.c.obj)
                0x0000000000006074                z_prep_c
 .text.arch_new_thread
                0x00000000000060ac       0x44 zephyr/arch/arch/arm/core/cortex_m/libarch__arm__core__cortex_m.a(thread.c.obj)
                0x00000000000060ac                arch_new_thread
 .text.arch_switch_to_main_thread
                0x00000000000060f0       0x34 zephyr/arch/arch/arm/core/cortex_m/libarch__arm__core__cortex_m.a(thread.c.obj)
                0x00000000000060f0                arch_switch_to_main_thread
 .text.z_arm_cpu_idle_init
                0x0000000000006124        0xc zephyr/arch/arch/arm/core/cortex_m/libarch__arm__core__cortex_m.a(cpu_idle.c.obj)
                0x0000000000006124                z_arm_cpu_idle_init
 .text.z_arm_interrupt_init
                0x0000000000006130       0x34 zephyr/arch/arch/arm/core/cortex_m/libarch__arm__core__cortex_m.a(irq_init.c.obj)
                0x0000000000006130                z_arm_interrupt_init
 .text._isr_wrapper
                0x0000000000006164       0x20 zephyr/arch/arch/arm/core/cortex_m/libarch__arm__core__cortex_m.a(isr_wrapper.c.obj)
                0x0000000000006164                _isr_wrapper
 .text.z_arm_configure_static_mpu_regions
                0x0000000000006184       0x40 zephyr/arch/arch/arm/core/mpu/libarch__arm__core__mpu.a(arm_core_mpu.c.obj)
                0x0000000000006184                z_arm_configure_static_mpu_regions
 .text.mpu_init
                0x00000000000061c4       0x14 zephyr/arch/arch/arm/core/mpu/libarch__arm__core__mpu.a(arm_mpu.c.obj)
 .text.mpu_set_region
                0x00000000000061d8       0x14 zephyr/arch/arch/arm/core/mpu/libarch__arm__core__mpu.a(arm_mpu.c.obj)
 .text.mpu_region_get_conf
                0x00000000000061ec       0x40 zephyr/arch/arch/arm/core/mpu/libarch__arm__core__mpu.a(arm_mpu.c.obj)
 .text.mpu_mark_areas_for_dynamic_regions
                0x000000000000622c       0x60 zephyr/arch/arch/arm/core/mpu/libarch__arm__core__mpu.a(arm_mpu.c.obj)
 .text.region_allocate_and_init
                0x000000000000628c       0x3c zephyr/arch/arch/arm/core/mpu/libarch__arm__core__mpu.a(arm_mpu.c.obj)
 .text.mpu_configure_regions_and_partition
                0x00000000000062c8      0x1ac zephyr/arch/arch/arm/core/mpu/libarch__arm__core__mpu.a(arm_mpu.c.obj)
 .text.mpu_configure_static_mpu_regions
                0x0000000000006474       0x14 zephyr/arch/arch/arm/core/mpu/libarch__arm__core__mpu.a(arm_mpu.c.obj)
 .text.arm_core_mpu_enable
                0x0000000000006488       0x18 zephyr/arch/arch/arm/core/mpu/libarch__arm__core__mpu.a(arm_mpu.c.obj)
                0x0000000000006488                arm_core_mpu_enable
 .text.arm_core_mpu_disable
                0x00000000000064a0       0x14 zephyr/arch/arch/arm/core/mpu/libarch__arm__core__mpu.a(arm_mpu.c.obj)
                0x00000000000064a0                arm_core_mpu_disable
 .text.z_arm_mpu_init
                0x00000000000064b4       0x80 zephyr/arch/arch/arm/core/mpu/libarch__arm__core__mpu.a(arm_mpu.c.obj)
                0x00000000000064b4                z_arm_mpu_init
 .text.__stdout_hook_install
                0x0000000000006534        0xc zephyr/lib/libc/newlib/liblib__libc__newlib.a(libc-hooks.c.obj)
                0x0000000000006534                __stdout_hook_install
 .text._sbrk    0x0000000000006540       0x2c zephyr/lib/libc/newlib/liblib__libc__newlib.a(libc-hooks.c.obj)
                0x0000000000006540                sbrk
                0x0000000000006540                _sbrk
 .text.pthread_barrier_pool_init
                0x000000000000656c       0x34 zephyr/lib/posix/options/liblib__posix__options.a(barrier.c.obj)
 .text.pthread_cond_pool_init
                0x00000000000065a0       0x20 zephyr/lib/posix/options/liblib__posix__options.a(cond.c.obj)
 .text.pthread_mutex_pool_init
                0x00000000000065c0       0x24 zephyr/lib/posix/options/liblib__posix__options.a(mutex.c.obj)
 .text.posix_thread_pool_init
                0x00000000000065e4       0x38 zephyr/lib/posix/options/liblib__posix__options.a(pthread.c.obj)
 .text.nrfx_coredep_delay_us
                0x000000000000661c       0x2c zephyr/soc/soc/nrf54l15/libsoc__nordic.a(soc.c.obj)
 .text.nrf54l_errata_31
                0x0000000000006648       0x24 zephyr/soc/soc/nrf54l15/libsoc__nordic.a(soc.c.obj)
 .text.power_and_clock_configuration
                0x000000000000666c       0xac zephyr/soc/soc/nrf54l15/libsoc__nordic.a(soc.c.obj)
 .text.nordicsemi_nrf54l_init
                0x0000000000006718       0x1c zephyr/soc/soc/nrf54l15/libsoc__nordic.a(soc.c.obj)
                0x0000000000006718                nordicsemi_nrf54l_init
 .text.registry_add
                0x0000000000006734       0x30 zephyr/subsys/fs/libsubsys__fs.a(fs.c.obj)
 .text.registry_find
                0x0000000000006764       0x2c zephyr/subsys/fs/libsubsys__fs.a(fs.c.obj)
 .text.fs_get_mnt_point
                0x0000000000006790       0xa4 zephyr/subsys/fs/libsubsys__fs.a(fs.c.obj)
 .text.fs_open  0x0000000000006834      0x128 zephyr/subsys/fs/libsubsys__fs.a(fs.c.obj)
                0x0000000000006834                fs_open
 .text.fs_close
                0x000000000000695c       0x3c zephyr/subsys/fs/libsubsys__fs.a(fs.c.obj)
                0x000000000000695c                fs_close
 .text.fs_write
                0x0000000000006998       0x38 zephyr/subsys/fs/libsubsys__fs.a(fs.c.obj)
                0x0000000000006998                fs_write
 .text.fs_opendir
                0x00000000000069d0       0xe0 zephyr/subsys/fs/libsubsys__fs.a(fs.c.obj)
                0x00000000000069d0                fs_opendir
 .text.fs_readdir
                0x0000000000006ab0       0xf8 zephyr/subsys/fs/libsubsys__fs.a(fs.c.obj)
                0x0000000000006ab0                fs_readdir
 .text.fs_closedir
                0x0000000000006ba8       0x40 zephyr/subsys/fs/libsubsys__fs.a(fs.c.obj)
                0x0000000000006ba8                fs_closedir
 .text.fs_stat  0x0000000000006be8       0x88 zephyr/subsys/fs/libsubsys__fs.a(fs.c.obj)
                0x0000000000006be8                fs_stat
 .text.fs_statvfs
                0x0000000000006c70       0x80 zephyr/subsys/fs/libsubsys__fs.a(fs.c.obj)
                0x0000000000006c70                fs_statvfs
 .text.fs_mount
                0x0000000000006cf0      0x208 zephyr/subsys/fs/libsubsys__fs.a(fs.c.obj)
                0x0000000000006cf0                fs_mount
 .text.fs_unmount
                0x0000000000006ef8       0xfc zephyr/subsys/fs/libsubsys__fs.a(fs.c.obj)
                0x0000000000006ef8                fs_unmount
 .text.fs_register
                0x0000000000006ff4       0x3c zephyr/subsys/fs/libsubsys__fs.a(fs.c.obj)
                0x0000000000006ff4                fs_register
 .text.fatfs_init
                0x0000000000007030       0x10 zephyr/subsys/fs/libsubsys__fs.a(fat_fs.c.obj)
 .text.fatfs_unmount
                0x0000000000007040       0x6c zephyr/subsys/fs/libsubsys__fs.a(fat_fs.c.obj)
 .text.fatfs_mount
                0x00000000000070ac       0x84 zephyr/subsys/fs/libsubsys__fs.a(fat_fs.c.obj)
 .text.fatfs_closedir
                0x0000000000007130       0x20 zephyr/subsys/fs/libsubsys__fs.a(fat_fs.c.obj)
 .text.fatfs_opendir
                0x0000000000007150       0x58 zephyr/subsys/fs/libsubsys__fs.a(fat_fs.c.obj)
 .text.fatfs_close
                0x00000000000071a8       0x24 zephyr/subsys/fs/libsubsys__fs.a(fat_fs.c.obj)
 .text.fatfs_open
                0x00000000000071cc       0x64 zephyr/subsys/fs/libsubsys__fs.a(fat_fs.c.obj)
 .text.sd_init_io
                0x0000000000007230       0xb0 zephyr/subsys/sd/libsubsys__sd.a(sd.c.obj)
 .text.sd_common_init
                0x00000000000072e0       0x5c zephyr/subsys/sd/libsubsys__sd.a(sd.c.obj)
 .text.sd_send_interface_condition
                0x000000000000733c       0x80 zephyr/subsys/sd/libsubsys__sd.a(sd.c.obj)
 .text.sd_init  0x00000000000073bc       0xe8 zephyr/subsys/sd/libsubsys__sd.a(sd.c.obj)
                0x00000000000073bc                sd_init
 .text.sdmmc_wait_ready
                0x00000000000074a4       0x4c zephyr/subsys/sd/libsubsys__sd.a(sd_ops.c.obj)
                0x00000000000074a4                sdmmc_wait_ready
 .text.card_read
                0x00000000000074f0       0x90 zephyr/subsys/sd/libsubsys__sd.a(sd_ops.c.obj)
 .text.card_app_command
                0x0000000000007580       0x6c zephyr/subsys/sd/libsubsys__sd.a(sd_ops.c.obj)
                0x0000000000007580                card_app_command
 .text.card_query_written
                0x00000000000075ec       0x84 zephyr/subsys/sd/libsubsys__sd.a(sd_ops.c.obj)
 .text.card_write
                0x0000000000007670       0xac zephyr/subsys/sd/libsubsys__sd.a(sd_ops.c.obj)
 .text.card_read_blocks
                0x000000000000771c       0x94 zephyr/subsys/sd/libsubsys__sd.a(sd_ops.c.obj)
                0x000000000000771c                card_read_blocks
 .text.card_write_blocks
                0x00000000000077b0       0x94 zephyr/subsys/sd/libsubsys__sd.a(sd_ops.c.obj)
                0x00000000000077b0                card_write_blocks
 .text.card_ioctl
                0x0000000000007844       0x9c zephyr/subsys/sd/libsubsys__sd.a(sd_ops.c.obj)
                0x0000000000007844                card_ioctl
 .text.sdmmc_set_bus_width
                0x00000000000078e0       0x84 zephyr/subsys/sd/libsubsys__sd.a(sdmmc.c.obj)
 .text.sdmmc_send_ocr
                0x0000000000007964       0x98 zephyr/subsys/sd/libsubsys__sd.a(sdmmc.c.obj)
 .text.sdmmc_set_bus_speed
                0x00000000000079fc       0x84 zephyr/subsys/sd/libsubsys__sd.a(sdmmc.c.obj)
 .text.sdmmc_init_hs
                0x0000000000007a80       0x70 zephyr/subsys/sd/libsubsys__sd.a(sdmmc.c.obj)
 .text.sdmmc_card_init
                0x0000000000007af0      0x164 zephyr/subsys/sd/libsubsys__sd.a(sdmmc.c.obj)
                0x0000000000007af0                sdmmc_card_init
 .text.cache_instr_enable
                0x0000000000007c54       0x10 zephyr/drivers/cache/libdrivers__cache.a(cache_nrf.c.obj)
                0x0000000000007c54                cache_instr_enable
 .text.get_hf_flags
                0x0000000000007c64        0x8 zephyr/drivers/clock_control/libdrivers__clock_control.a(clock_control_nrf.c.obj)
 .text.get_subsys
                0x0000000000007c6c       0x18 zephyr/drivers/clock_control/libdrivers__clock_control.a(clock_control_nrf.c.obj)
 .text.onoff_stop
                0x0000000000007c84       0x20 zephyr/drivers/clock_control/libdrivers__clock_control.a(clock_control_nrf.c.obj)
 .text.onoff_start
                0x0000000000007ca4       0x34 zephyr/drivers/clock_control/libdrivers__clock_control.a(clock_control_nrf.c.obj)
 .text.clock_event_handler
                0x0000000000007cd8       0x24 zephyr/drivers/clock_control/libdrivers__clock_control.a(clock_control_nrf.c.obj)
 .text.generic_hfclk_start
                0x0000000000007cfc       0x70 zephyr/drivers/clock_control/libdrivers__clock_control.a(clock_control_nrf.c.obj)
 .text.generic_hfclk_stop
                0x0000000000007d6c       0x34 zephyr/drivers/clock_control/libdrivers__clock_control.a(clock_control_nrf.c.obj)
 .text.lfclk_spinwait
                0x0000000000007da0       0xc8 zephyr/drivers/clock_control/libdrivers__clock_control.a(clock_control_nrf.c.obj)
 .text.api_blocking_start
                0x0000000000007e68       0x3c zephyr/drivers/clock_control/libdrivers__clock_control.a(clock_control_nrf.c.obj)
 .text.clk_init
                0x0000000000007ea4       0x64 zephyr/drivers/clock_control/libdrivers__clock_control.a(clock_control_nrf.c.obj)
 .text.z_nrf_clock_control_lf_on
                0x0000000000007f08       0x4c zephyr/drivers/clock_control/libdrivers__clock_control.a(clock_control_nrf.c.obj)
                0x0000000000007f08                z_nrf_clock_control_lf_on
 .text.rtt_console_init
                0x0000000000007f54       0x18 zephyr/drivers/console/libdrivers__console.a(rtt_console.c.obj)
 .text.rtt_console_out
                0x0000000000007f6c       0x44 zephyr/drivers/console/libdrivers__console.a(rtt_console.c.obj)
 .text.nrf_gpio_pin_port_decode
                0x0000000000007fb0       0x30 zephyr/drivers/gpio/libdrivers__gpio.a(gpio_nrfx.c.obj)
 .text.get_dev  0x0000000000007fe0       0x28 zephyr/drivers/gpio/libdrivers__gpio.a(gpio_nrfx.c.obj)
 .text.gpio_nrfx_pin_interrupt_configure
                0x0000000000008008       0xe0 zephyr/drivers/gpio/libdrivers__gpio.a(gpio_nrfx.c.obj)
 .text.gpio_nrfx_pin_configure
                0x00000000000080e8      0x1bc zephyr/drivers/gpio/libdrivers__gpio.a(gpio_nrfx.c.obj)
 .text.gpio_nrfx_init
                0x00000000000082a4       0x60 zephyr/drivers/gpio/libdrivers__gpio.a(gpio_nrfx.c.obj)
 .text.nrf_gpio_pin_port_decode
                0x0000000000008304       0x30 zephyr/drivers/pinctrl/libdrivers__pinctrl.a(pinctrl_nrf.c.obj)
 .text.nrf_gpio_cfg
                0x0000000000008334       0x44 zephyr/drivers/pinctrl/libdrivers__pinctrl.a(pinctrl_nrf.c.obj)
 .text.pinctrl_configure_pins
                0x0000000000008378      0x16c zephyr/drivers/pinctrl/libdrivers__pinctrl.a(pinctrl_nrf.c.obj)
                0x0000000000008378                pinctrl_configure_pins
 .text.sdhc_spi_init_card
                0x00000000000084e4       0x44 zephyr/drivers/sdhc/libdrivers__sdhc.a(sdhc_spi.c.obj)
 .text.sdhc_skip
                0x0000000000008528       0x48 zephyr/drivers/sdhc/libdrivers__sdhc.a(sdhc_spi.c.obj)
 .text.sdhc_spi_reset
                0x0000000000008570       0x10 zephyr/drivers/sdhc/libdrivers__sdhc.a(sdhc_spi.c.obj)
 .text.sdhc_spi_get_host_props
                0x0000000000008580       0x34 zephyr/drivers/sdhc/libdrivers__sdhc.a(sdhc_spi.c.obj)
 .text.sdhc_spi_set_io
                0x00000000000085b4      0x120 zephyr/drivers/sdhc/libdrivers__sdhc.a(sdhc_spi.c.obj)
 .text.sdhc_spi_read_data
                0x00000000000086d4       0xe4 zephyr/drivers/sdhc/libdrivers__sdhc.a(sdhc_spi.c.obj)
 .text.sdhc_spi_init
                0x00000000000087b8       0x5c zephyr/drivers/sdhc/libdrivers__sdhc.a(sdhc_spi.c.obj)
 .text.nrf_gpio_pin_port_decode
                0x0000000000008814       0x30 zephyr/drivers/spi/libdrivers__spi.a(spi_nrfx_spim.c.obj)
 .text.get_nrf_spim_frequency
                0x0000000000008844       0x8c zephyr/drivers/spi/libdrivers__spi.a(spi_nrfx_spim.c.obj)
 .text.spi_context_wait_for_completion
                0x00000000000088d0       0xbc zephyr/drivers/spi/libdrivers__spi.a(spi_nrfx_spim.c.obj)
 .text.configure
                0x000000000000898c      0x234 zephyr/drivers/spi/libdrivers__spi.a(spi_nrfx_spim.c.obj)
 .text.transfer_next_chunk
                0x0000000000008bc0       0xc4 zephyr/drivers/spi/libdrivers__spi.a(spi_nrfx_spim.c.obj)
 .text.event_handler
                0x0000000000008c84       0xd0 zephyr/drivers/spi/libdrivers__spi.a(spi_nrfx_spim.c.obj)
 .text.transceive
                0x0000000000008d54       0xcc zephyr/drivers/spi/libdrivers__spi.a(spi_nrfx_spim.c.obj)
 .text.spi_context_cs_configure_all
                0x0000000000008e20       0xfc zephyr/drivers/spi/libdrivers__spi.a(spi_nrfx_spim.c.obj)
 .text.spi_nrfx_init
                0x0000000000008f1c       0x7c zephyr/drivers/spi/libdrivers__spi.a(spi_nrfx_spim.c.obj)
 .text.nrf_gpio_pin_port_decode
                0x0000000000008f98       0x30 zephyr/drivers/spi/libdrivers__spi.a(spi_nrfx_common.c.obj)
 .text.nrf_gpio_cfg
                0x0000000000008fc8       0x44 zephyr/drivers/spi/libdrivers__spi.a(spi_nrfx_common.c.obj)
 .text.spi_nrfx_wake_init
                0x000000000000900c       0x64 zephyr/drivers/spi/libdrivers__spi.a(spi_nrfx_common.c.obj)
                0x000000000000900c                spi_nrfx_wake_init
 .text.system_timeout_set_abs
                0x0000000000009070       0x1c zephyr/drivers/timer/libdrivers__timer.a(nrf_grtc_timer.c.obj)
 .text.sys_clock_timeout_handler
                0x000000000000908c       0x44 zephyr/drivers/timer/libdrivers__timer.a(nrf_grtc_timer.c.obj)
 .text.sys_clock_driver_init
                0x00000000000090d0       0x6c zephyr/drivers/timer/libdrivers__timer.a(nrf_grtc_timer.c.obj)
 .text.sys_clock_elapsed
                0x000000000000913c       0x2c zephyr/drivers/timer/libdrivers__timer.a(nrf_grtc_timer.c.obj)
                0x000000000000913c                sys_clock_elapsed
 .text.sys_clock_set_timeout
                0x0000000000009168       0x60 zephyr/drivers/timer/libdrivers__timer.a(nrf_grtc_timer.c.obj)
                0x0000000000009168                sys_clock_set_timeout
 .text.get_ldnumber
                0x00000000000091c8       0x9c modules/fatfs/libmodules__fatfs.a(ff.c.obj)
 .text.check_fs
                0x0000000000009264       0xd4 modules/fatfs/libmodules__fatfs.a(ff.c.obj)
 .text.mount_volume
                0x0000000000009338      0x2b0 modules/fatfs/libmodules__fatfs.a(ff.c.obj)
 .text.create_name
                0x00000000000095e8      0x11c modules/fatfs/libmodules__fatfs.a(ff.c.obj)
 .text.sync_fs  0x0000000000009704       0x8c modules/fatfs/libmodules__fatfs.a(ff.c.obj)
 .text.create_partition
                0x0000000000009790      0x13c modules/fatfs/libmodules__fatfs.a(ff.c.obj)
 .text.f_mount  0x00000000000098cc       0x58 modules/fatfs/libmodules__fatfs.a(ff.c.obj)
                0x00000000000098cc                f_mount
 .text.f_open   0x0000000000009924      0x1d0 modules/fatfs/libmodules__fatfs.a(ff.c.obj)
                0x0000000000009924                f_open
 .text.f_sync   0x0000000000009af4       0x70 modules/fatfs/libmodules__fatfs.a(ff.c.obj)
                0x0000000000009af4                f_sync
 .text.f_mkdir  0x0000000000009b64      0x114 modules/fatfs/libmodules__fatfs.a(ff.c.obj)
                0x0000000000009b64                f_mkdir
 .text.f_mkfs   0x0000000000009c78      0x664 modules/fatfs/libmodules__fatfs.a(ff.c.obj)
                0x0000000000009c78                f_mkfs
 .text.disk_status
                0x000000000000a2dc       0x1c modules/fatfs/libmodules__fatfs.a(zfs_diskio.c.obj)
                0x000000000000a2dc                disk_status
 .text.disk_read
                0x000000000000a2f8       0x1c modules/fatfs/libmodules__fatfs.a(zfs_diskio.c.obj)
                0x000000000000a2f8                disk_read
 .text.disk_write
                0x000000000000a314       0x1c modules/fatfs/libmodules__fatfs.a(zfs_diskio.c.obj)
                0x000000000000a314                disk_write
 .text.disk_ioctl
                0x000000000000a330       0xbc modules/fatfs/libmodules__fatfs.a(zfs_diskio.c.obj)
                0x000000000000a330                disk_ioctl
 .text.nrf54l_errata_31
                0x000000000000a3ec       0x24 modules/hal_nordic/modules/hal_nordic/nrfx/libmodules__hal_nordic__nrfx.a(system_nrf54l.c.obj)
 .text.nrf54l_errata_32
                0x000000000000a410       0x24 modules/hal_nordic/modules/hal_nordic/nrfx/libmodules__hal_nordic__nrfx.a(system_nrf54l.c.obj)
 .text.nrf54l_errata_40
                0x000000000000a434       0x24 modules/hal_nordic/modules/hal_nordic/nrfx/libmodules__hal_nordic__nrfx.a(system_nrf54l.c.obj)
 .text.nrf54l_handle_approtect_signal
                0x000000000000a458       0x38 modules/hal_nordic/modules/hal_nordic/nrfx/libmodules__hal_nordic__nrfx.a(system_nrf54l.c.obj)
 .text.nrf54l_handle_secureapprotect_signal
                0x000000000000a490       0x38 modules/hal_nordic/modules/hal_nordic/nrfx/libmodules__hal_nordic__nrfx.a(system_nrf54l.c.obj)
 .text.nrf54l_handle_approtect
                0x000000000000a4c8       0x38 modules/hal_nordic/modules/hal_nordic/nrfx/libmodules__hal_nordic__nrfx.a(system_nrf54l.c.obj)
 .text.SystemInit
                0x000000000000a500       0xf0 modules/hal_nordic/modules/hal_nordic/nrfx/libmodules__hal_nordic__nrfx.a(system_nrf54l.c.obj)
                0x000000000000a500                SystemInit
 .text.nrfx_flag32_alloc
                0x000000000000a5f0       0x40 modules/hal_nordic/modules/hal_nordic/nrfx/libmodules__hal_nordic__nrfx.a(nrfx_flag32_allocator.c.obj)
                0x000000000000a5f0                nrfx_flag32_alloc
 .text.nrfx_flag32_free
                0x000000000000a630       0x3c modules/hal_nordic/modules/hal_nordic/nrfx/libmodules__hal_nordic__nrfx.a(nrfx_flag32_allocator.c.obj)
                0x000000000000a630                nrfx_flag32_free
 .text.nrf54l_errata_39
                0x000000000000a66c       0x18 modules/hal_nordic/modules/hal_nordic/nrfx/libmodules__hal_nordic__nrfx.a(nrfx_clock.c.obj)
 .text.clock_stop
                0x000000000000a684       0x98 modules/hal_nordic/modules/hal_nordic/nrfx/libmodules__hal_nordic__nrfx.a(nrfx_clock.c.obj)
 .text.nrfx_clock_init
                0x000000000000a71c       0x24 modules/hal_nordic/modules/hal_nordic/nrfx/libmodules__hal_nordic__nrfx.a(nrfx_clock.c.obj)
                0x000000000000a71c                nrfx_clock_init
 .text.nrfx_clock_enable
                0x000000000000a740       0x20 modules/hal_nordic/modules/hal_nordic/nrfx/libmodules__hal_nordic__nrfx.a(nrfx_clock.c.obj)
                0x000000000000a740                nrfx_clock_enable
 .text.nrfx_clock_start
                0x000000000000a760      0x118 modules/hal_nordic/modules/hal_nordic/nrfx/libmodules__hal_nordic__nrfx.a(nrfx_clock.c.obj)
                0x000000000000a760                nrfx_clock_start
 .text.nrfx_power_clock_irq_handler
                0x000000000000a878       0x9c modules/hal_nordic/modules/hal_nordic/nrfx/libmodules__hal_nordic__nrfx.a(nrfx_clock.c.obj)
                0x000000000000a878                nrfx_power_clock_irq_handler
 .text.nrf_gpiote_task_configure
                0x000000000000a914       0x48 modules/hal_nordic/modules/hal_nordic/nrfx/libmodules__hal_nordic__nrfx.a(nrfx_gpiote.c.obj)
 .text.nrf_gpio_pin_port_decode
                0x000000000000a95c       0x30 modules/hal_nordic/modules/hal_nordic/nrfx/libmodules__hal_nordic__nrfx.a(nrfx_gpiote.c.obj)
 .text.nrf_gpio_cfg_default
                0x000000000000a98c       0x2c modules/hal_nordic/modules/hal_nordic/nrfx/libmodules__hal_nordic__nrfx.a(nrfx_gpiote.c.obj)
 .text.nrf_gpio_latches_read_and_clear
                0x000000000000a9b8       0x40 modules/hal_nordic/modules/hal_nordic/nrfx/libmodules__hal_nordic__nrfx.a(nrfx_gpiote.c.obj)
 .text.get_pin_idx
                0x000000000000a9f8       0x14 modules/hal_nordic/modules/hal_nordic/nrfx/libmodules__hal_nordic__nrfx.a(nrfx_gpiote.c.obj)
 .text.get_cb   0x000000000000aa0c       0x10 modules/hal_nordic/modules/hal_nordic/nrfx/libmodules__hal_nordic__nrfx.a(nrfx_gpiote.c.obj)
 .text.gpiote_output_configure
                0x000000000000aa1c       0xfc modules/hal_nordic/modules/hal_nordic/nrfx/libmodules__hal_nordic__nrfx.a(nrfx_gpiote.c.obj)
 .text.gpiote_channel_get
                0x000000000000ab18       0x38 modules/hal_nordic/modules/hal_nordic/nrfx/libmodules__hal_nordic__nrfx.a(nrfx_gpiote.c.obj)
 .text.latch_pending_read_and_check
                0x000000000000ab50       0x50 modules/hal_nordic/modules/hal_nordic/nrfx/libmodules__hal_nordic__nrfx.a(nrfx_gpiote.c.obj)
 .text.pin_handler_set
                0x000000000000aba0       0x88 modules/hal_nordic/modules/hal_nordic/nrfx/libmodules__hal_nordic__nrfx.a(nrfx_gpiote.c.obj)
 .text.gpiote_input_configure
                0x000000000000ac28      0x170 modules/hal_nordic/modules/hal_nordic/nrfx/libmodules__hal_nordic__nrfx.a(nrfx_gpiote.c.obj)
 .text.pin_uninit
                0x000000000000ad98       0x34 modules/hal_nordic/modules/hal_nordic/nrfx/libmodules__hal_nordic__nrfx.a(nrfx_gpiote.c.obj)
 .text.gpiote_init
                0x000000000000adcc       0x4c modules/hal_nordic/modules/hal_nordic/nrfx/libmodules__hal_nordic__nrfx.a(nrfx_gpiote.c.obj)
 .text.port_event_handle
                0x000000000000ae18       0xc8 modules/hal_nordic/modules/hal_nordic/nrfx/libmodules__hal_nordic__nrfx.a(nrfx_gpiote.c.obj)
 .text.nrfx_gpiote_20_irq_handler
                0x000000000000aee0       0x14 modules/hal_nordic/modules/hal_nordic/nrfx/libmodules__hal_nordic__nrfx.a(nrfx_gpiote.c.obj)
                0x000000000000aee0                nrfx_gpiote_20_irq_handler
 .text.nrfx_gpiote_30_irq_handler
                0x000000000000aef4       0x14 modules/hal_nordic/modules/hal_nordic/nrfx/libmodules__hal_nordic__nrfx.a(nrfx_gpiote.c.obj)
                0x000000000000aef4                nrfx_gpiote_30_irq_handler
 .text.nrfy_grtc_prepare
                0x000000000000af08       0x64 modules/hal_nordic/modules/hal_nordic/nrfx/libmodules__hal_nordic__nrfx.a(nrfx_grtc.c.obj)
 .text.allocated_channels_mask_get
                0x000000000000af6c       0x10 modules/hal_nordic/modules/hal_nordic/nrfx/libmodules__hal_nordic__nrfx.a(nrfx_grtc.c.obj)
 .text.used_channels_mask_get
                0x000000000000af7c       0x10 modules/hal_nordic/modules/hal_nordic/nrfx/libmodules__hal_nordic__nrfx.a(nrfx_grtc.c.obj)
 .text.is_syscounter_running
                0x000000000000af8c       0x10 modules/hal_nordic/modules/hal_nordic/nrfx/libmodules__hal_nordic__nrfx.a(nrfx_grtc.c.obj)
 .text.channel_used_mark
                0x000000000000af9c       0x14 modules/hal_nordic/modules/hal_nordic/nrfx/libmodules__hal_nordic__nrfx.a(nrfx_grtc.c.obj)
 .text.syscounter_check
                0x000000000000afb0       0x2c modules/hal_nordic/modules/hal_nordic/nrfx/libmodules__hal_nordic__nrfx.a(nrfx_grtc.c.obj)
 .text.sleep_configure
                0x000000000000afdc       0x30 modules/hal_nordic/modules/hal_nordic/nrfx/libmodules__hal_nordic__nrfx.a(nrfx_grtc.c.obj)
 .text.cc_channel_prepare
                0x000000000000b00c       0x40 modules/hal_nordic/modules/hal_nordic/nrfx/libmodules__hal_nordic__nrfx.a(nrfx_grtc.c.obj)
 .text.grtc_irq_handler
                0x000000000000b04c       0x78 modules/hal_nordic/modules/hal_nordic/nrfx/libmodules__hal_nordic__nrfx.a(nrfx_grtc.c.obj)
 .text.nrfx_grtc_syscounter_get
                0x000000000000b0c4       0x58 modules/hal_nordic/modules/hal_nordic/nrfx/libmodules__hal_nordic__nrfx.a(nrfx_grtc.c.obj)
                0x000000000000b0c4                nrfx_grtc_syscounter_get
 .text.nrfx_grtc_init
                0x000000000000b11c       0x90 modules/hal_nordic/modules/hal_nordic/nrfx/libmodules__hal_nordic__nrfx.a(nrfx_grtc.c.obj)
                0x000000000000b11c                nrfx_grtc_init
 .text.nrfx_grtc_syscounter_start
                0x000000000000b1ac       0x98 modules/hal_nordic/modules/hal_nordic/nrfx/libmodules__hal_nordic__nrfx.a(nrfx_grtc.c.obj)
                0x000000000000b1ac                nrfx_grtc_syscounter_start
 .text.nrfx_grtc_syscounter_cc_absolute_set
                0x000000000000b244       0x80 modules/hal_nordic/modules/hal_nordic/nrfx/libmodules__hal_nordic__nrfx.a(nrfx_grtc.c.obj)
                0x000000000000b244                nrfx_grtc_syscounter_cc_absolute_set
 .text.nrf54l_errata_8
                0x000000000000b2c4       0x18 modules/hal_nordic/modules/hal_nordic/nrfx/libmodules__hal_nordic__nrfx.a(nrfx_spim.c.obj)
 .text.nrf_gpio_pin_port_decode
                0x000000000000b2dc       0x30 modules/hal_nordic/modules/hal_nordic/nrfx/libmodules__hal_nordic__nrfx.a(nrfx_spim.c.obj)
 .text.nrf_gpio_cfg
                0x000000000000b30c       0x44 modules/hal_nordic/modules/hal_nordic/nrfx/libmodules__hal_nordic__nrfx.a(nrfx_spim.c.obj)
 .text.nrf_gpio_cfg_default
                0x000000000000b350       0x2c modules/hal_nordic/modules/hal_nordic/nrfx/libmodules__hal_nordic__nrfx.a(nrfx_spim.c.obj)
 .text.configure_pins
                0x000000000000b37c       0x84 modules/hal_nordic/modules/hal_nordic/nrfx/libmodules__hal_nordic__nrfx.a(nrfx_spim.c.obj)
 .text.spim_frequency_valid_check
                0x000000000000b400       0x64 modules/hal_nordic/modules/hal_nordic/nrfx/libmodules__hal_nordic__nrfx.a(nrfx_spim.c.obj)
 .text.spim_prescaler_calculate
                0x000000000000b464       0x20 modules/hal_nordic/modules/hal_nordic/nrfx/libmodules__hal_nordic__nrfx.a(nrfx_spim.c.obj)
 .text.spim_configuration_verify
                0x000000000000b484       0x78 modules/hal_nordic/modules/hal_nordic/nrfx/libmodules__hal_nordic__nrfx.a(nrfx_spim.c.obj)
 .text.spim_configure
                0x000000000000b4fc      0x164 modules/hal_nordic/modules/hal_nordic/nrfx/libmodules__hal_nordic__nrfx.a(nrfx_spim.c.obj)
 .text.spim_xfer
                0x000000000000b660      0x10c modules/hal_nordic/modules/hal_nordic/nrfx/libmodules__hal_nordic__nrfx.a(nrfx_spim.c.obj)
 .text.nrfx_spim_init
                0x000000000000b76c       0x70 modules/hal_nordic/modules/hal_nordic/nrfx/libmodules__hal_nordic__nrfx.a(nrfx_spim.c.obj)
                0x000000000000b76c                nrfx_spim_init
 .text.nrfx_spim_uninit
                0x000000000000b7dc       0xbc modules/hal_nordic/modules/hal_nordic/nrfx/libmodules__hal_nordic__nrfx.a(nrfx_spim.c.obj)
                0x000000000000b7dc                nrfx_spim_uninit
 .text.nrfx_spim_xfer
                0x000000000000b898       0x78 modules/hal_nordic/modules/hal_nordic/nrfx/libmodules__hal_nordic__nrfx.a(nrfx_spim.c.obj)
                0x000000000000b898                nrfx_spim_xfer
 .text.nrfx_spim_20_irq_handler
                0x000000000000b910       0x14 modules/hal_nordic/modules/hal_nordic/nrfx/libmodules__hal_nordic__nrfx.a(nrfx_spim.c.obj)
                0x000000000000b910                nrfx_spim_20_irq_handler
 .text.nrfx_spim_00_irq_handler
                0x000000000000b924       0x14 modules/hal_nordic/modules/hal_nordic/nrfx/libmodules__hal_nordic__nrfx.a(nrfx_spim.c.obj)
                0x000000000000b924                nrfx_spim_00_irq_handler
 .text._DoInit  0x000000000000b938       0x64 modules/segger/libmodules__segger.a(SEGGER_RTT.c.obj)
 .text.SEGGER_RTT_StrongCheckInit
                0x000000000000b99c       0x38 modules/segger/libmodules__segger.a(SEGGER_RTT.c.obj)
 .text.SEGGER_RTT_WriteSkipNoLock
                0x000000000000b9d4       0xd0 modules/segger/libmodules__segger.a(SEGGER_RTT.c.obj)
                0x000000000000b9d4                SEGGER_RTT_WriteSkipNoLock
 .text.SEGGER_RTT_WriteNoLock
                0x000000000000baa4       0x6c modules/segger/libmodules__segger.a(SEGGER_RTT.c.obj)
                0x000000000000baa4                SEGGER_RTT_WriteNoLock
 .text.SEGGER_RTT_Write
                0x000000000000bb10       0x38 modules/segger/libmodules__segger.a(SEGGER_RTT.c.obj)
                0x000000000000bb10                SEGGER_RTT_Write
 .text.SEGGER_RTT_HasDataUp
                0x000000000000bb48       0x20 modules/segger/libmodules__segger.a(SEGGER_RTT.c.obj)
                0x000000000000bb48                SEGGER_RTT_HasDataUp
 .text.z_device_state_init
                0x000000000000bb68       0x18 zephyr/kernel/libkernel.a(device.c.obj)
                0x000000000000bb68                z_device_state_init
 .text.reason_to_str
                0x000000000000bb80       0x40 zephyr/kernel/libkernel.a(fatal.c.obj)
 .text.thread_name_get
                0x000000000000bbc0       0x20 zephyr/kernel/libkernel.a(fatal.c.obj)
 .text.k_sys_fatal_error_handler
                0x000000000000bbe0       0x20 zephyr/kernel/libkernel.a(fatal.c.obj)
                0x000000000000bbe0                k_sys_fatal_error_handler
 .text.z_fatal_error
                0x000000000000bc00      0x1f4 zephyr/kernel/libkernel.a(fatal.c.obj)
                0x000000000000bc00                z_fatal_error
 .text.z_sys_init_run_level
                0x000000000000bdf4       0x34 zephyr/kernel/libkernel.a(init.c.obj)
 .text.init_idle_thread
                0x000000000000be28       0x58 zephyr/kernel/libkernel.a(init.c.obj)
 .text.thread_schedule_new
                0x000000000000be80       0x1c zephyr/kernel/libkernel.a(init.c.obj)
 .text.z_init_static_threads
                0x000000000000be9c       0x70 zephyr/kernel/libkernel.a(init.c.obj)
 .text.bg_thread_main
                0x000000000000bf0c       0x38 zephyr/kernel/libkernel.a(init.c.obj)
 .text.switch_to_main_thread
                0x000000000000bf44       0x14 zephyr/kernel/libkernel.a(init.c.obj)
 .text.z_bss_zero
                0x000000000000bf58       0x18 zephyr/kernel/libkernel.a(init.c.obj)
                0x000000000000bf58                z_bss_zero
 .text.z_init_cpu
                0x000000000000bf70       0x44 zephyr/kernel/libkernel.a(init.c.obj)
                0x000000000000bf70                z_init_cpu
 .text.prepare_multithreading
                0x000000000000bfb4       0x60 zephyr/kernel/libkernel.a(init.c.obj)
 .text.z_cstart
                0x000000000000c014       0x90 zephyr/kernel/libkernel.a(init.c.obj)
                0x000000000000c014                z_cstart
 .text.init_mem_slab_obj_core_list
                0x000000000000c0a4       0x24 zephyr/kernel/libkernel.a(mem_slab.c.obj)
 .text.k_mem_slab_alloc
                0x000000000000c0c8       0x64 zephyr/kernel/libkernel.a(mem_slab.c.obj)
                0x000000000000c0c8                k_mem_slab_alloc
 .text.z_impl_k_mutex_lock
                0x000000000000c12c      0x100 zephyr/kernel/libkernel.a(mutex.c.obj)
                0x000000000000c12c                z_impl_k_mutex_lock
 .text.z_impl_k_mutex_unlock
                0x000000000000c22c       0xac zephyr/kernel/libkernel.a(mutex.c.obj)
                0x000000000000c22c                z_impl_k_mutex_unlock
 .text.z_impl_k_sem_give
                0x000000000000c2d8       0x80 zephyr/kernel/libkernel.a(sem.c.obj)
                0x000000000000c2d8                z_impl_k_sem_give
 .text.z_impl_k_sem_take
                0x000000000000c358       0x50 zephyr/kernel/libkernel.a(sem.c.obj)
                0x000000000000c358                z_impl_k_sem_take
 .text.z_impl_k_sem_reset
                0x000000000000c3a8       0x70 zephyr/kernel/libkernel.a(sem.c.obj)
                0x000000000000c3a8                z_impl_k_sem_reset
 .text.queue_submit_locked
                0x000000000000c418       0x7c zephyr/kernel/libkernel.a(work.c.obj)
 .text.finalize_cancel_locked
                0x000000000000c494       0x5c zephyr/kernel/libkernel.a(work.c.obj)
 .text.work_queue_main
                0x000000000000c4f0      0x110 zephyr/kernel/libkernel.a(work.c.obj)
 .text.schedule_for_queue_locked
                0x000000000000c600       0x34 zephyr/kernel/libkernel.a(work.c.obj)
 .text.k_work_queue_start
                0x000000000000c634       0x88 zephyr/kernel/libkernel.a(work.c.obj)
                0x000000000000c634                k_work_queue_start
 .text.k_work_reschedule
                0x000000000000c6bc       0x10 zephyr/kernel/libkernel.a(work.c.obj)
                0x000000000000c6bc                k_work_reschedule
 .text.thread_schedule_new
                0x000000000000c6cc       0x1c zephyr/kernel/libkernel.a(thread.c.obj)
 .text.z_setup_new_thread
                0x000000000000c6e8       0x68 zephyr/kernel/libkernel.a(thread.c.obj)
                0x000000000000c6e8                z_setup_new_thread
 .text.z_swap_irqlock
                0x000000000000c750       0x34 zephyr/kernel/libkernel.a(sched.c.obj)
 .text.ready_thread
                0x000000000000c784       0xbc zephyr/kernel/libkernel.a(sched.c.obj)
 .text.unready_thread
                0x000000000000c840       0x68 zephyr/kernel/libkernel.a(sched.c.obj)
 .text.z_dummy_thread_init
                0x000000000000c8a8       0x20 zephyr/kernel/libkernel.a(sched.c.obj)
 .text.thread_halt_spin
                0x000000000000c8c8      0x108 zephyr/kernel/libkernel.a(sched.c.obj)
 .text.add_thread_timeout
                0x000000000000c9d0       0x20 zephyr/kernel/libkernel.a(sched.c.obj)
 .text.move_thread_to_end_of_prio_q
                0x000000000000c9f0       0xc8 zephyr/kernel/libkernel.a(sched.c.obj)
                0x000000000000c9f0                move_thread_to_end_of_prio_q
 .text.z_pend_curr
                0x000000000000cab8       0x38 zephyr/kernel/libkernel.a(sched.c.obj)
                0x000000000000cab8                z_pend_curr
 .text.z_thread_prio_set
                0x000000000000caf0       0xdc zephyr/kernel/libkernel.a(sched.c.obj)
                0x000000000000caf0                z_thread_prio_set
 .text.z_reschedule
                0x000000000000cbcc       0x2c zephyr/kernel/libkernel.a(sched.c.obj)
                0x000000000000cbcc                z_reschedule
 .text.z_reschedule_irqlock
                0x000000000000cbf8       0x2c zephyr/kernel/libkernel.a(sched.c.obj)
                0x000000000000cbf8                z_reschedule_irqlock
 .text.k_sched_lock
                0x000000000000cc24       0x30 zephyr/kernel/libkernel.a(sched.c.obj)
                0x000000000000cc24                k_sched_lock
 .text.k_sched_unlock
                0x000000000000cc54       0x70 zephyr/kernel/libkernel.a(sched.c.obj)
                0x000000000000cc54                k_sched_unlock
 .text.z_sched_init
                0x000000000000ccc4       0x10 zephyr/kernel/libkernel.a(sched.c.obj)
                0x000000000000ccc4                z_sched_init
 .text.z_impl_k_yield
                0x000000000000ccd4       0xa0 zephyr/kernel/libkernel.a(sched.c.obj)
                0x000000000000ccd4                z_impl_k_yield
 .text.z_tick_sleep
                0x000000000000cd74       0x90 zephyr/kernel/libkernel.a(sched.c.obj)
 .text.z_impl_k_wakeup
                0x000000000000ce04       0x54 zephyr/kernel/libkernel.a(sched.c.obj)
                0x000000000000ce04                z_impl_k_wakeup
 .text.z_impl_k_sched_current_thread_query
                0x000000000000ce58        0xc zephyr/kernel/libkernel.a(sched.c.obj)
                0x000000000000ce58                z_impl_k_sched_current_thread_query
 .text.z_thread_abort
                0x000000000000ce64      0x14c zephyr/kernel/libkernel.a(sched.c.obj)
                0x000000000000ce64                z_thread_abort
 .text.z_sched_wait
                0x000000000000cfb0       0x28 zephyr/kernel/libkernel.a(sched.c.obj)
                0x000000000000cfb0                z_sched_wait
 .text.slice_timeout
                0x000000000000cfd8       0x20 zephyr/kernel/libkernel.a(timeslicing.c.obj)
 .text.thread_is_sliceable
                0x000000000000cff8       0x4c zephyr/kernel/libkernel.a(timeslicing.c.obj)
                0x000000000000cff8                thread_is_sliceable
 .text.z_reset_time_slice
                0x000000000000d044       0x50 zephyr/kernel/libkernel.a(timeslicing.c.obj)
                0x000000000000d044                z_reset_time_slice
 .text.z_time_slice
                0x000000000000d094       0x70 zephyr/kernel/libkernel.a(timeslicing.c.obj)
                0x000000000000d094                z_time_slice
 .text.z_data_copy
                0x000000000000d104       0x34 zephyr/kernel/libkernel.a(xip.c.obj)
                0x000000000000d104                z_data_copy
 .text.first    0x000000000000d138       0x14 zephyr/kernel/libkernel.a(timeout.c.obj)
 .text.next     0x000000000000d14c       0x18 zephyr/kernel/libkernel.a(timeout.c.obj)
 .text.elapsed  0x000000000000d164       0x18 zephyr/kernel/libkernel.a(timeout.c.obj)
 .text.z_add_timeout
                0x000000000000d17c      0x10c zephyr/kernel/libkernel.a(timeout.c.obj)
                0x000000000000d17c                z_add_timeout
 .text.sys_clock_announce
                0x000000000000d288       0xc4 zephyr/kernel/libkernel.a(timeout.c.obj)
                0x000000000000d288                sys_clock_announce
 .text.sys_clock_tick_get
                0x000000000000d34c       0x40 zephyr/kernel/libkernel.a(timeout.c.obj)
                0x000000000000d34c                sys_clock_tick_get
 .text.z_timer_expiration_handler
                0x000000000000d38c       0xf8 zephyr/kernel/libkernel.a(timer.c.obj)
                0x000000000000d38c                z_timer_expiration_handler
 .text.z_impl_k_timer_start
                0x000000000000d484       0x80 zephyr/kernel/libkernel.a(timer.c.obj)
                0x000000000000d484                z_impl_k_timer_start
 .text.z_impl_k_poll_signal_raise
                0x000000000000d504       0x50 zephyr/kernel/libkernel.a(poll.c.obj)
                0x000000000000d504                z_impl_k_poll_signal_raise
 .text.k_thread_system_pool_assign
                0x000000000000d554        0xc zephyr/kernel/libkernel.a(mempool.c.obj)
                0x000000000000d554                k_thread_system_pool_assign
 .text.statics_init
                0x000000000000d560       0x24 zephyr/kernel/libkernel.a(kheap.c.obj)
 .text.k_sys_work_q_init
                0x000000000000d584       0x38 zephyr/kernel/libkernel.a(system_work_q.c.obj)
 .text.psa_get_initialized
                0x000000000000d5bc       0x58 modules/nrf/subsys/nrf_security/src/core/nrf_oberon/liboberon_psa_core.a(psa_crypto.c.obj)
 .text.mbedtls_psa_crypto_free
                0x000000000000d614       0xac modules/nrf/subsys/nrf_security/src/core/nrf_oberon/liboberon_psa_core.a(psa_crypto.c.obj)
                0x000000000000d614                mbedtls_psa_crypto_free
 .text.psa_crypto_init
                0x000000000000d6c0      0x164 modules/nrf/subsys/nrf_security/src/core/nrf_oberon/liboberon_psa_core.a(psa_crypto.c.obj)
                0x000000000000d6c0                psa_crypto_init
 .text.psa_initialize_key_slots
                0x000000000000d824       0x10 modules/nrf/subsys/nrf_security/src/core/nrf_oberon/liboberon_psa_core.a(psa_crypto_slot_management.c.obj)
                0x000000000000d824                psa_initialize_key_slots
 .text.psa_wipe_all_key_slots
                0x000000000000d834       0x38 modules/nrf/subsys/nrf_security/src/core/nrf_oberon/liboberon_psa_core.a(psa_crypto_slot_management.c.obj)
                0x000000000000d834                psa_wipe_all_key_slots
 .text.mbedtls_free
                0x000000000000d86c       0x10 modules/nrf/subsys/nrf_security/src/core/nrf_oberon/liboberon_psa_core.a(platform.c.obj)
                0x000000000000d86c                mbedtls_free
 .text.mbedtls_platform_zeroize
                0x000000000000d87c       0x18 modules/nrf/subsys/nrf_security/src/core/nrf_oberon/liboberon_psa_core.a(platform_util.c.obj)
                0x000000000000d87c                mbedtls_platform_zeroize
 .text.cracen_load_microcode
                0x000000000000d894       0x28 modules/nrf/subsys/nrf_security/src/drivers/cracen/libcracen_psa_driver.a(cracen.c.obj)
 .text.cracen_acquire
                0x000000000000d8bc       0x40 modules/nrf/subsys/nrf_security/src/drivers/cracen/libcracen_psa_driver.a(cracen.c.obj)
                0x000000000000d8bc                cracen_acquire
 .text.cracen_release
                0x000000000000d8fc       0x70 modules/nrf/subsys/nrf_security/src/drivers/cracen/libcracen_psa_driver.a(cracen.c.obj)
                0x000000000000d8fc                cracen_release
 .text.cracen_init
                0x000000000000d96c       0x4c modules/nrf/subsys/nrf_security/src/drivers/cracen/libcracen_psa_driver.a(cracen.c.obj)
                0x000000000000d96c                cracen_init
 .text.silex_statuscodes_to_psa
                0x000000000000d9b8      0x120 modules/nrf/subsys/nrf_security/src/drivers/cracen/libcracen_psa_driver.a(common.c.obj)
                0x000000000000d9b8                silex_statuscodes_to_psa
 .text.cracen_isr_handler
                0x000000000000dad8       0x74 modules/nrf/subsys/nrf_security/src/drivers/cracen/libcracen_psa_driver.a(interrupts.c.obj)
                0x000000000000dad8                cracen_isr_handler
 .text.cracen_interrupts_init
                0x000000000000db4c       0x28 modules/nrf/subsys/nrf_security/src/drivers/cracen/libcracen_psa_driver.a(interrupts.c.obj)
                0x000000000000db4c                cracen_interrupts_init
 .text.sx_pk_fetch_capabilities
                0x000000000000db74       0x30 modules/nrf/subsys/nrf_security/src/drivers/cracen/libcracen_psa_driver.a(pk_baremetal.c.obj)
                0x000000000000db74                sx_pk_fetch_capabilities
 .text.sx_pk_init
                0x000000000000dba4       0x40 modules/nrf/subsys/nrf_security/src/drivers/cracen/libcracen_psa_driver.a(pk_baremetal.c.obj)
                0x000000000000dba4                sx_pk_init
 .text.sx_get_current_req
                0x000000000000dbe4        0x8 modules/nrf/subsys/nrf_security/src/drivers/cracen/libcracen_psa_driver.a(pk_baremetal.c.obj)
                0x000000000000dbe4                sx_get_current_req
 .text.k_event_post_internal
                0x000000000000dbec       0x60 zephyr/kernel/libkernel.a(events.c.obj)
 .text._free_r  0x000000000000dc4c       0x94 C:/ncs/toolchains/0b393f9e1b/opt/zephyr-sdk/arm-zephyr-eabi/arm-zephyr-eabi/lib/thumb/v8-m.main/nofp\libc_nano.a(lib_a-nano-freer.o)
                0x000000000000dc4c                _free_r
 .text._malloc_r
                0x000000000000dce0       0xb4 C:/ncs/toolchains/0b393f9e1b/opt/zephyr-sdk/arm-zephyr-eabi/arm-zephyr-eabi/lib/thumb/v8-m.main/nofp\libc_nano.a(lib_a-nano-mallocr.o)
                0x000000000000dce0                _malloc_r
 .text._printf_i
                0x000000000000dd94      0x25c C:/ncs/toolchains/0b393f9e1b/opt/zephyr-sdk/arm-zephyr-eabi/arm-zephyr-eabi/lib/thumb/v8-m.main/nofp\libc_nano.a(lib_a-nano-vfprintf_i.o)
                0x000000000000dd94                _printf_i
 .text._sbrk_r  0x000000000000dff0       0x20 C:/ncs/toolchains/0b393f9e1b/opt/zephyr-sdk/arm-zephyr-eabi/arm-zephyr-eabi/lib/thumb/v8-m.main/nofp\libc_nano.a(lib_a-sbrkr.o)
                0x000000000000dff0                _sbrk_r
 .text.sprintf  0x000000000000e010       0x40 C:/ncs/toolchains/0b393f9e1b/opt/zephyr-sdk/arm-zephyr-eabi/arm-zephyr-eabi/lib/thumb/v8-m.main/nofp\libc_nano.a(lib_a-sprintf.o)
                0x000000000000e010                siprintf
                0x000000000000e010                sprintf
 .text.__malloc_lock
                0x000000000000e050        0xc C:/ncs/toolchains/0b393f9e1b/opt/zephyr-sdk/arm-zephyr-eabi/arm-zephyr-eabi/lib/thumb/v8-m.main/nofp\libc_nano.a(lib_a-mlock.o)
                0x000000000000e050                __malloc_lock
 .text.__malloc_unlock
                0x000000000000e05c        0xc C:/ncs/toolchains/0b393f9e1b/opt/zephyr-sdk/arm-zephyr-eabi/arm-zephyr-eabi/lib/thumb/v8-m.main/nofp\libc_nano.a(lib_a-mlock.o)
                0x000000000000e05c                __malloc_unlock
 .text._svfprintf_r
                0x000000000000e068      0x1f8 C:/ncs/toolchains/0b393f9e1b/opt/zephyr-sdk/arm-zephyr-eabi/arm-zephyr-eabi/lib/thumb/v8-m.main/nofp\libc_nano.a(lib_a-nano-svfprintf.o)
                0x000000000000e068                _svfiprintf_r
                0x000000000000e068                _svfprintf_r
 .text._OffsetAbsSyms
                0x000000000000e260        0x2 zephyr/CMakeFiles/offsets.dir/./arch/arm/core/offsets/offsets.c.obj
                0x000000000000e260                _OffsetAbsSyms
 .text.z_impl_gpio_pin_configure
                0x000000000000e262       0x50 app/libapp.a(main.c.obj)
 .text.gpio_pin_configure_dt
                0x000000000000e2b2       0x16 app/libapp.a(main.c.obj)
 .text.gpio_pin_set_raw
                0x000000000000e2c8       0x20 app/libapp.a(main.c.obj)
 .text.gpio_pin_set
                0x000000000000e2e8       0x1a app/libapp.a(main.c.obj)
 .text.k_msleep
                0x000000000000e302       0x5c app/libapp.a(main.c.obj)
 .text.gpio_hal_connect_spi_gpio
                0x000000000000e35e        0x2 app/libapp.a(gpio_hal.c.obj)
                0x000000000000e35e                gpio_hal_connect_spi_gpio
 .text.gpio_hal_disconnect_all_unused
                0x000000000000e360        0x2 app/libapp.a(gpio_hal.c.obj)
                0x000000000000e360                gpio_hal_disconnect_all_unused
 .text.gpio_hal_disconnect_spi_gpio
                0x000000000000e362        0x2 app/libapp.a(gpio_hal.c.obj)
                0x000000000000e362                gpio_hal_disconnect_spi_gpio
 .text.z_impl_gpio_pin_configure
                0x000000000000e364       0x50 app/libapp.a(btn_hal.c.obj)
 .text.gpio_pin_configure_dt
                0x000000000000e3b4       0x16 app/libapp.a(btn_hal.c.obj)
 .text.gpio_add_callback
                0x000000000000e3ca       0x14 app/libapp.a(btn_hal.c.obj)
 .text.z_impl_gpio_pin_configure
                0x000000000000e3de       0x50 app/libapp.a(sdcard.c.obj)
 .text.gpio_pin_configure_dt
                0x000000000000e42e       0x16 app/libapp.a(sdcard.c.obj)
 .text.gpio_port_get
                0x000000000000e444       0x18 app/libapp.a(sdcard.c.obj)
 .text.gpio_pin_get
                0x000000000000e45c       0x20 app/libapp.a(sdcard.c.obj)
 .text.gpio_add_callback
                0x000000000000e47c       0x14 app/libapp.a(sdcard.c.obj)
 .text.sdhc_hw_reset
                0x000000000000e490       0x12 app/libapp.a(sdcard.c.obj)
 .text.init_fs_data
                0x000000000000e4a2       0x32 app/libapp.a(sdcard.c.obj)
 .text.k_msleep
                0x000000000000e4d4       0x5c app/libapp.a(sdcard.c.obj)
 .text.sdcard_init_fs
                0x000000000000e530       0x2c app/libapp.a(sdcard.c.obj)
                0x000000000000e530                sdcard_init_fs
 .text.sdcard_mount
                0x000000000000e55c        0xa app/libapp.a(sdcard.c.obj)
                0x000000000000e55c                sdcard_mount
 .text.sdcard_file_init
                0x000000000000e566        0xa app/libapp.a(sdcard.c.obj)
                0x000000000000e566                sdcard_file_init
 .text.sdcard_file_close
                0x000000000000e570        0x8 app/libapp.a(sdcard.c.obj)
                0x000000000000e570                sdcard_file_close
 .text.crc16_itu_t
                0x000000000000e578       0x2c zephyr/libzephyr.a(crc16_sw.c.obj)
                0x000000000000e578                crc16_itu_t
 .text.crc7_be  0x000000000000e5a4       0x26 zephyr/libzephyr.a(crc7_sw.c.obj)
                0x000000000000e5a4                crc7_be
 .text.set_chunk_used
                0x000000000000e5ca       0x38 zephyr/libzephyr.a(heap.c.obj)
 .text.free_list_add_bidx
                0x000000000000e602       0xa4 zephyr/libzephyr.a(heap.c.obj)
 .text.free_list_add
                0x000000000000e6a6       0x52 zephyr/libzephyr.a(heap.c.obj)
 .text.sys_heap_init
                0x000000000000e6f8       0xfc zephyr/libzephyr.a(heap.c.obj)
                0x000000000000e6f8                sys_heap_init
 .text.cbprintf_via_va_list
                0x000000000000e7f4        0xe zephyr/libzephyr.a(cbprintf_packaged.c.obj)
 .text.is_fmt_spec
                0x000000000000e802        0xe zephyr/libzephyr.a(cbprintf_packaged.c.obj)
 .text.get_package_len
                0x000000000000e810       0x2a zephyr/libzephyr.a(cbprintf_packaged.c.obj)
 .text.append_string
                0x000000000000e83a       0x2c zephyr/libzephyr.a(cbprintf_packaged.c.obj)
 .text.cbpprintf_external
                0x000000000000e866       0x60 zephyr/libzephyr.a(cbprintf_packaged.c.obj)
                0x000000000000e866                cbpprintf_external
 .text.is_ptr   0x000000000000e8c6       0x4e zephyr/libzephyr.a(cbprintf_packaged.c.obj)
                0x000000000000e8c6                is_ptr
 .text.arch_printk_char_out
                0x000000000000e914        0x4 zephyr/libzephyr.a(printk.c.obj)
                0x000000000000e914                arch_printk_char_out
 .text.str_out  0x000000000000e918       0x2e zephyr/libzephyr.a(printk.c.obj)
 .text.vprintk  0x000000000000e946        0x8 zephyr/libzephyr.a(printk.c.obj)
                0x000000000000e946                vprintk
 .text.printk   0x000000000000e94e       0x1c zephyr/libzephyr.a(printk.c.obj)
                0x000000000000e94e                printk
 .text.snprintk
                0x000000000000e96a       0x1c zephyr/libzephyr.a(printk.c.obj)
                0x000000000000e96a                snprintk
 .text.z_thread_entry
                0x000000000000e986       0x14 zephyr/libzephyr.a(thread_entry.c.obj)
                0x000000000000e986                z_thread_entry
 .text.extract_width
                0x000000000000e99a       0x5e zephyr/libzephyr.a(cbprintf_complete.c.obj)
 .text.extract_prec
                0x000000000000e9f8       0x64 zephyr/libzephyr.a(cbprintf_complete.c.obj)
 .text.extract_length
                0x000000000000ea5c       0xce zephyr/libzephyr.a(cbprintf_complete.c.obj)
 .text.extract_specifier
                0x000000000000eb2a      0x17a zephyr/libzephyr.a(cbprintf_complete.c.obj)
 .text.extract_conversion
                0x000000000000eca4       0x44 zephyr/libzephyr.a(cbprintf_complete.c.obj)
 .text._ldiv5   0x000000000000ece8       0x38 zephyr/libzephyr.a(cbprintf_complete.c.obj)
 .text._ldiv10  0x000000000000ed20       0x18 zephyr/libzephyr.a(cbprintf_complete.c.obj)
 .text._get_digit
                0x000000000000ed38       0x3c zephyr/libzephyr.a(cbprintf_complete.c.obj)
 .text.conversion_radix
                0x000000000000ed74       0x2a zephyr/libzephyr.a(cbprintf_complete.c.obj)
 .text.store_count
                0x000000000000ed9e       0x3e zephyr/libzephyr.a(cbprintf_complete.c.obj)
 .text.outs     0x000000000000eddc       0x30 zephyr/libzephyr.a(cbprintf_complete.c.obj)
 .text.free_space
                0x000000000000ee0c       0x28 zephyr/libzephyr.a(mpsc_pbuf.c.obj)
 .text.available
                0x000000000000ee34       0x24 zephyr/libzephyr.a(mpsc_pbuf.c.obj)
 .text.get_usage
                0x000000000000ee58       0x24 zephyr/libzephyr.a(mpsc_pbuf.c.obj)
 .text.max_utilization_update
                0x000000000000ee7c       0x26 zephyr/libzephyr.a(mpsc_pbuf.c.obj)
 .text.rd_idx_inc
                0x000000000000eea2       0x26 zephyr/libzephyr.a(mpsc_pbuf.c.obj)
 .text.add_skip_item
                0x000000000000eec8       0x66 zephyr/libzephyr.a(mpsc_pbuf.c.obj)
 .text.drop_item_locked
                0x000000000000ef2e      0x12a zephyr/libzephyr.a(mpsc_pbuf.c.obj)
 .text.post_drop_action
                0x000000000000f058       0x62 zephyr/libzephyr.a(mpsc_pbuf.c.obj)
 .text.mpsc_pbuf_init
                0x000000000000f0ba       0x42 zephyr/libzephyr.a(mpsc_pbuf.c.obj)
                0x000000000000f0ba                mpsc_pbuf_init
 .text.mpsc_pbuf_alloc
                0x000000000000f0fc      0x134 zephyr/libzephyr.a(mpsc_pbuf.c.obj)
                0x000000000000f0fc                mpsc_pbuf_alloc
 .text.mpsc_pbuf_commit
                0x000000000000f230       0x50 zephyr/libzephyr.a(mpsc_pbuf.c.obj)
                0x000000000000f230                mpsc_pbuf_commit
 .text.mpsc_pbuf_claim
                0x000000000000f280       0xd0 zephyr/libzephyr.a(mpsc_pbuf.c.obj)
                0x000000000000f280                mpsc_pbuf_claim
 .text.mpsc_pbuf_free
                0x000000000000f350       0x88 zephyr/libzephyr.a(mpsc_pbuf.c.obj)
                0x000000000000f350                mpsc_pbuf_free
 .text.mpsc_pbuf_is_pending
                0x000000000000f3d8       0x2c zephyr/libzephyr.a(mpsc_pbuf.c.obj)
                0x000000000000f3d8                mpsc_pbuf_is_pending
 .text.set_state
                0x000000000000f404       0x10 zephyr/libzephyr.a(onoff.c.obj)
 .text.notify_monitors
                0x000000000000f414       0x44 zephyr/libzephyr.a(onoff.c.obj)
 .text.process_recheck
                0x000000000000f458       0x32 zephyr/libzephyr.a(onoff.c.obj)
 .text.process_complete
                0x000000000000f48a       0xa2 zephyr/libzephyr.a(onoff.c.obj)
 .text.validate_args
                0x000000000000f52c       0x2a zephyr/libzephyr.a(onoff.c.obj)
 .text.notify_one
                0x000000000000f556       0x26 zephyr/libzephyr.a(onoff.c.obj)
 .text.notify_all
                0x000000000000f57c       0x2e zephyr/libzephyr.a(onoff.c.obj)
 .text.transition_complete
                0x000000000000f5aa       0x1c zephyr/libzephyr.a(onoff.c.obj)
 .text.onoff_manager_init
                0x000000000000f5c6       0x3a zephyr/libzephyr.a(onoff.c.obj)
                0x000000000000f5c6                onoff_manager_init
 .text.onoff_request
                0x000000000000f600       0xbe zephyr/libzephyr.a(onoff.c.obj)
                0x000000000000f600                onoff_request
 .text.sys_notify_validate
                0x000000000000f6be       0x3e zephyr/libzephyr.a(notify.c.obj)
                0x000000000000f6be                sys_notify_validate
 .text.sys_notify_finalize
                0x000000000000f6fc       0x32 zephyr/libzephyr.a(notify.c.obj)
                0x000000000000f6fc                sys_notify_finalize
 .text._ConfigAbsSyms
                0x000000000000f72e        0x2 zephyr/libzephyr.a(configs.c.obj)
                0x000000000000f72e                _ConfigAbsSyms
 .text.log_msg_generic_get_wlen
                0x000000000000f730       0x20 zephyr/libzephyr.a(log_core.c.obj)
 .text.dummy_timestamp
                0x000000000000f750        0x4 zephyr/libzephyr.a(log_core.c.obj)
 .text.msg_filter_check
                0x000000000000f754        0x4 zephyr/libzephyr.a(log_core.c.obj)
 .text.default_get_timestamp
                0x000000000000f758        0x8 zephyr/libzephyr.a(log_core.c.obj)
 .text.k_msleep
                0x000000000000f760       0x5c zephyr/libzephyr.a(log_core.c.obj)
 .text.msg_alloc
                0x000000000000f7bc        0xc zephyr/libzephyr.a(log_core.c.obj)
 .text.msg_free
                0x000000000000f7c8        0x8 zephyr/libzephyr.a(log_core.c.obj)
 .text.msg_pending
                0x000000000000f7d0        0x8 zephyr/libzephyr.a(log_core.c.obj)
 .text.z_log_vprintk
                0x000000000000f7d8       0x1e zephyr/libzephyr.a(log_core.c.obj)
                0x000000000000f7d8                z_log_vprintk
 .text.z_log_notify_drop
                0x000000000000f7f6        0xa zephyr/libzephyr.a(log_core.c.obj)
 .text.z_log_msg_claim
                0x000000000000f800        0x8 zephyr/libzephyr.a(log_core.c.obj)
                0x000000000000f800                z_log_msg_claim
 .text.msg_commit
                0x000000000000f808        0xc zephyr/libzephyr.a(log_core.c.obj)
 .text.z_log_get_tag
                0x000000000000f814        0x4 zephyr/libzephyr.a(log_core.c.obj)
                0x000000000000f814                z_log_get_tag
 .text.z_cbprintf_cpy
                0x000000000000f818       0x2c zephyr/libzephyr.a(log_msg.c.obj)
 .text.z_log_msg_finalize
                0x000000000000f844       0x2e zephyr/libzephyr.a(log_msg.c.obj)
                0x000000000000f844                z_log_msg_finalize
 .text.z_log_msg_simple_create
                0x000000000000f872       0x62 zephyr/libzephyr.a(log_msg.c.obj)
 .text.z_impl_z_log_msg_simple_create_0
                0x000000000000f8d4       0x14 zephyr/libzephyr.a(log_msg.c.obj)
                0x000000000000f8d4                z_impl_z_log_msg_simple_create_0
 .text.z_impl_z_log_msg_simple_create_1
                0x000000000000f8e8       0x16 zephyr/libzephyr.a(log_msg.c.obj)
                0x000000000000f8e8                z_impl_z_log_msg_simple_create_1
 .text.z_impl_z_log_msg_simple_create_2
                0x000000000000f8fe       0x1a zephyr/libzephyr.a(log_msg.c.obj)
                0x000000000000f8fe                z_impl_z_log_msg_simple_create_2
 .text.z_log_msg_static_create
                0x000000000000f918        0x8 zephyr/libzephyr.a(log_msg.c.obj)
 .text.log_output_flush
                0x000000000000f920       0x2e zephyr/libzephyr.a(log_output.c.obj)
 .text.out_func
                0x000000000000f94e       0x30 zephyr/libzephyr.a(log_output.c.obj)
 .text.cr_out_func
                0x000000000000f97e       0x1e zephyr/libzephyr.a(log_output.c.obj)
 .text.cbvprintf
                0x000000000000f99c       0x10 zephyr/libzephyr.a(log_output.c.obj)
 .text.color_prefix
                0x000000000000f9ac        0xc zephyr/libzephyr.a(log_output.c.obj)
 .text.color_postfix
                0x000000000000f9b8        0xc zephyr/libzephyr.a(log_output.c.obj)
 .text.postfix_print
                0x000000000000f9c4       0x18 zephyr/libzephyr.a(log_output.c.obj)
 .text.log_msg_hexdump
                0x000000000000f9dc       0x36 zephyr/libzephyr.a(log_output.c.obj)
 .text.log_output_msg_process
                0x000000000000fa12       0x66 zephyr/libzephyr.a(log_output.c.obj)
                0x000000000000fa12                log_output_msg_process
 .text.log_output_flush
                0x000000000000fa78       0x2e zephyr/libzephyr.a(log_backend_rtt.c.obj)
 .text.k_msleep
                0x000000000000faa6       0x5c zephyr/libzephyr.a(log_backend_rtt.c.obj)
 .text.pm_device_state_get
                0x000000000000fb02       0x12 zephyr/libzephyr.a(device.c.obj)
                0x000000000000fb02                pm_device_state_get
 .text.pm_device_is_powered
                0x000000000000fb14       0x1e zephyr/libzephyr.a(device.c.obj)
                0x000000000000fb14                pm_device_is_powered
 .text.pm_device_driver_init
                0x000000000000fb32       0x38 zephyr/libzephyr.a(device.c.obj)
                0x000000000000fb32                pm_device_driver_init
 .text.disk_access_init
                0x000000000000fb6a       0x4a zephyr/libzephyr.a(disk_access.c.obj)
                0x000000000000fb6a                disk_access_init
 .text.disk_access_status
                0x000000000000fbb4       0x26 zephyr/libzephyr.a(disk_access.c.obj)
                0x000000000000fbb4                disk_access_status
 .text.disk_access_read
                0x000000000000fbda       0x32 zephyr/libzephyr.a(disk_access.c.obj)
                0x000000000000fbda                disk_access_read
 .text.disk_access_write
                0x000000000000fc0c       0x32 zephyr/libzephyr.a(disk_access.c.obj)
                0x000000000000fc0c                disk_access_write
 .text.z_do_kernel_oops
                0x000000000000fc3e        0xc zephyr/arch/arch/arm/core/libarch__arm__core.a(fatal.c.obj)
                0x000000000000fc3e                z_do_kernel_oops
 .text.z_arm_nmi
                0x000000000000fc4a        0xc zephyr/arch/arch/arm/core/libarch__arm__core.a(nmi.c.obj)
                0x000000000000fc4a                z_arm_nmi
 .text.memory_fault_recoverable
                0x000000000000fc56        0x4 zephyr/arch/arch/arm/core/cortex_m/libarch__arm__core__cortex_m.a(fault.c.obj)
 .text.fault_handle
                0x000000000000fc5a       0x4a zephyr/arch/arch/arm/core/cortex_m/libarch__arm__core__cortex_m.a(fault.c.obj)
 .text.arch_irq_enable
                0x000000000000fca4        0xa zephyr/arch/arch/arm/core/cortex_m/libarch__arm__core__cortex_m.a(irq_manage.c.obj)
                0x000000000000fca4                arch_irq_enable
 .text.arch_irq_disable
                0x000000000000fcae        0xa zephyr/arch/arch/arm/core/cortex_m/libarch__arm__core__cortex_m.a(irq_manage.c.obj)
                0x000000000000fcae                arch_irq_disable
 .text.z_arm_irq_priority_set
                0x000000000000fcb8        0xc zephyr/arch/arch/arm/core/cortex_m/libarch__arm__core__cortex_m.a(irq_manage.c.obj)
                0x000000000000fcb8                z_arm_irq_priority_set
 .text.z_irq_spurious
                0x000000000000fcc4        0xc zephyr/arch/arch/arm/core/cortex_m/libarch__arm__core__cortex_m.a(irq_manage.c.obj)
                0x000000000000fcc4                z_irq_spurious
 .text.configure_builtin_stack_guard
                0x000000000000fcd0        0x8 zephyr/arch/arch/arm/core/cortex_m/libarch__arm__core__cortex_m.a(thread.c.obj)
                0x000000000000fcd0                configure_builtin_stack_guard
 .text.arch_irq_unlock_outlined
                0x000000000000fcd8        0xe zephyr/arch/arch/arm/core/cortex_m/libarch__arm__core__cortex_m.a(thread.c.obj)
                0x000000000000fcd8                arch_irq_unlock_outlined
 .text.arch_cpu_idle
                0x000000000000fce6       0x1a zephyr/arch/arch/arm/core/cortex_m/libarch__arm__core__cortex_m.a(cpu_idle.c.obj)
                0x000000000000fce6                arch_cpu_idle
 .text.arch_cpu_atomic_idle
                0x000000000000fd00       0x1e zephyr/arch/arch/arm/core/cortex_m/libarch__arm__core__cortex_m.a(cpu_idle.c.obj)
                0x000000000000fd00                arch_cpu_atomic_idle
 .text.arm_cmse_mpu_region_get
                0x000000000000fd1e       0x14 zephyr/arch/arch/arm/core/cortex_m/cmse/libarch__arm__core__cortex_m__cmse.a(arm_core_cmse.c.obj)
                0x000000000000fd1e                arm_cmse_mpu_region_get
 .text.region_init
                0x000000000000fd32       0x28 zephyr/arch/arch/arm/core/mpu/libarch__arm__core__mpu.a(arm_mpu.c.obj)
 .text.mpu_partition_is_valid
                0x000000000000fd5a       0x24 zephyr/arch/arch/arm/core/mpu/libarch__arm__core__mpu.a(arm_mpu.c.obj)
 .text.get_region_index
                0x000000000000fd7e       0x22 zephyr/arch/arch/arm/core/mpu/libarch__arm__core__mpu.a(arm_mpu.c.obj)
 .text.mpu_configure_region
                0x000000000000fda0       0x3e zephyr/arch/arch/arm/core/mpu/libarch__arm__core__mpu.a(arm_mpu.c.obj)
 .text.mpu_configure_regions_from_dt
                0x000000000000fdde       0xec zephyr/arch/arch/arm/core/mpu/libarch__arm__core__mpu.a(arm_mpu.c.obj)
 .text.arm_core_mpu_configure_static_mpu_regions
                0x000000000000feca        0x8 zephyr/arch/arch/arm/core/mpu/libarch__arm__core__mpu.a(arm_mpu.c.obj)
                0x000000000000feca                arm_core_mpu_configure_static_mpu_regions
 .text.arm_core_mpu_mark_areas_for_dynamic_regions
                0x000000000000fed2        0x8 zephyr/arch/arch/arm/core/mpu/libarch__arm__core__mpu.a(arm_mpu.c.obj)
                0x000000000000fed2                arm_core_mpu_mark_areas_for_dynamic_regions
 .text.malloc_prepare
                0x000000000000feda        0x4 zephyr/lib/libc/newlib/liblib__libc__newlib.a(libc-hooks.c.obj)
 .text._stdout_hook_default
                0x000000000000fede        0x6 zephyr/lib/libc/newlib/liblib__libc__newlib.a(libc-hooks.c.obj)
 .text.__retarget_lock_acquire_recursive
                0x000000000000fee4       0x10 zephyr/lib/libc/newlib/liblib__libc__newlib.a(libc-hooks.c.obj)
                0x000000000000fee4                __retarget_lock_acquire_recursive
 .text.__retarget_lock_release_recursive
                0x000000000000fef4        0x8 zephyr/lib/libc/newlib/liblib__libc__newlib.a(libc-hooks.c.obj)
                0x000000000000fef4                __retarget_lock_release_recursive
 .text.arch_busy_wait
                0x000000000000fefc        0x8 zephyr/soc/soc/nrf54l15/libsoc__nordic.a(soc.c.obj)
                0x000000000000fefc                arch_busy_wait
 .text.fs_type_get
                0x000000000000ff04       0x10 zephyr/subsys/fs/libsubsys__fs.a(fs.c.obj)
 .text.translate_error
                0x000000000000ff14       0x5e zephyr/subsys/fs/libsubsys__fs.a(fat_fs.c.obj)
 .text.translate_disk_error